[01m[Kcc1plus:[m[K [01;35m[Kwarning: [m[K/opt/ros/noetic/lib/libnodeletlib.so: not a directory
[01m[Kcc1plus:[m[K [01;35m[Kwarning: [m[K/opt/ros/noetic/lib/libbondcpp.so: not a directory
[01m[Kcc1plus:[m[K [01;35m[Kwarning: [m[K/usr/lib/x86_64-linux-gnu/libuuid.so: not a directory
[01m[Kcc1plus:[m[K [01;35m[Kwarning: [m[K/opt/ros/noetic/lib/libtf.so: not a directory
[01m[Kcc1plus:[m[K [01;35m[Kwarning: [m[K/opt/ros/noetic/lib/libtf2_ros.so: not a directory
[01m[Kcc1plus:[m[K [01;35m[Kwarning: [m[K/opt/ros/noetic/lib/libactionlib.so: not a directory
[01m[Kcc1plus:[m[K [01;35m[Kwarning: [m[K/opt/ros/noetic/lib/libtf2.so: not a directory
[01m[Kcc1plus:[m[K [01;35m[Kwarning: [m[K/opt/ros/noetic/lib/libcv_bridge.so: not a directory
[01m[Kcc1plus:[m[K [01;35m[Kwarning: [m[K/usr/lib/x86_64-linux-gnu/libopencv_calib3d.so.4.2.0: not a directory
[01m[Kcc1plus:[m[K [01;35m[Kwarning: [m[K/usr/lib/x86_64-linux-gnu/libopencv_dnn.so.4.2.0: not a directory
[01m[Kcc1plus:[m[K [01;35m[Kwarning: [m[K/usr/lib/x86_64-linux-gnu/libopencv_features2d.so.4.2.0: not a directory
[01m[Kcc1plus:[m[K [01;35m[Kwarning: [m[K/usr/lib/x86_64-linux-gnu/libopencv_flann.so.4.2.0: not a directory
[01m[Kcc1plus:[m[K [01;35m[Kwarning: [m[K/usr/lib/x86_64-linux-gnu/libopencv_highgui.so.4.2.0: not a directory
[01m[Kcc1plus:[m[K [01;35m[Kwarning: [m[K/usr/lib/x86_64-linux-gnu/libopencv_ml.so.4.2.0: not a directory
[01m[Kcc1plus:[m[K [01;35m[Kwarning: [m[K/usr/lib/x86_64-linux-gnu/libopencv_objdetect.so.4.2.0: not a directory
[01m[Kcc1plus:[m[K [01;35m[Kwarning: [m[K/usr/lib/x86_64-linux-gnu/libopencv_photo.so.4.2.0: not a directory
[01m[Kcc1plus:[m[K [01;35m[Kwarning: [m[K/usr/lib/x86_64-linux-gnu/libopencv_stitching.so.4.2.0: not a directory
[01m[Kcc1plus:[m[K [01;35m[Kwarning: [m[K/usr/lib/x86_64-linux-gnu/libopencv_video.so.4.2.0: not a directory
[01m[Kcc1plus:[m[K [01;35m[Kwarning: [m[K/usr/lib/x86_64-linux-gnu/libopencv_videoio.so.4.2.0: not a directory
[01m[Kcc1plus:[m[K [01;35m[Kwarning: [m[K/usr/lib/x86_64-linux-gnu/libopencv_aruco.so.4.2.0: not a directory
[01m[Kcc1plus:[m[K [01;35m[Kwarning: [m[K/usr/lib/x86_64-linux-gnu/libopencv_bgsegm.so.4.2.0: not a directory
[01m[Kcc1plus:[m[K [01;35m[Kwarning: [m[K/usr/lib/x86_64-linux-gnu/libopencv_bioinspired.so.4.2.0: not a directory
[01m[Kcc1plus:[m[K [01;35m[Kwarning: [m[K/usr/lib/x86_64-linux-gnu/libopencv_ccalib.so.4.2.0: not a directory
[01m[Kcc1plus:[m[K [01;35m[Kwarning: [m[K/usr/lib/x86_64-linux-gnu/libopencv_datasets.so.4.2.0: not a directory
[01m[Kcc1plus:[m[K [01;35m[Kwarning: [m[K/usr/lib/x86_64-linux-gnu/libopencv_dnn_objdetect.so.4.2.0: not a directory
[01m[Kcc1plus:[m[K [01;35m[Kwarning: [m[K/usr/lib/x86_64-linux-gnu/libopencv_dnn_superres.so.4.2.0: not a directory
[01m[Kcc1plus:[m[K [01;35m[Kwarning: [m[K/usr/lib/x86_64-linux-gnu/libopencv_dpm.so.4.2.0: not a directory
[01m[Kcc1plus:[m[K [01;35m[Kwarning: [m[K/usr/lib/x86_64-linux-gnu/libopencv_face.so.4.2.0: not a directory
[01m[Kcc1plus:[m[K [01;35m[Kwarning: [m[K/usr/lib/x86_64-linux-gnu/libopencv_freetype.so.4.2.0: not a directory
[01m[Kcc1plus:[m[K [01;35m[Kwarning: [m[K/usr/lib/x86_64-linux-gnu/libopencv_fuzzy.so.4.2.0: not a directory
[01m[Kcc1plus:[m[K [01;35m[Kwarning: [m[K/usr/lib/x86_64-linux-gnu/libopencv_hdf.so.4.2.0: not a directory
[01m[Kcc1plus:[m[K [01;35m[Kwarning: [m[K/usr/lib/x86_64-linux-gnu/libopencv_hfs.so.4.2.0: not a directory
[01m[Kcc1plus:[m[K [01;35m[Kwarning: [m[K/usr/lib/x86_64-linux-gnu/libopencv_img_hash.so.4.2.0: not a directory
[01m[Kcc1plus:[m[K [01;35m[Kwarning: [m[K/usr/lib/x86_64-linux-gnu/libopencv_line_descriptor.so.4.2.0: not a directory
[01m[Kcc1plus:[m[K [01;35m[Kwarning: [m[K/usr/lib/x86_64-linux-gnu/libopencv_optflow.so.4.2.0: not a directory
[01m[Kcc1plus:[m[K [01;35m[Kwarning: [m[K/usr/lib/x86_64-linux-gnu/libopencv_phase_unwrapping.so.4.2.0: not a directory
[01m[Kcc1plus:[m[K [01;35m[Kwarning: [m[K/usr/lib/x86_64-linux-gnu/libopencv_plot.so.4.2.0: not a directory
[01m[Kcc1plus:[m[K [01;35m[Kwarning: [m[K/usr/lib/x86_64-linux-gnu/libopencv_quality.so.4.2.0: not a directory
[01m[Kcc1plus:[m[K [01;35m[Kwarning: [m[K/usr/lib/x86_64-linux-gnu/libopencv_reg.so.4.2.0: not a directory
[01m[Kcc1plus:[m[K [01;35m[Kwarning: [m[K/usr/lib/x86_64-linux-gnu/libopencv_rgbd.so.4.2.0: not a directory
[01m[Kcc1plus:[m[K [01;35m[Kwarning: [m[K/usr/lib/x86_64-linux-gnu/libopencv_saliency.so.4.2.0: not a directory
[01m[Kcc1plus:[m[K [01;35m[Kwarning: [m[K/usr/lib/x86_64-linux-gnu/libopencv_shape.so.4.2.0: not a directory
[01m[Kcc1plus:[m[K [01;35m[Kwarning: [m[K/usr/lib/x86_64-linux-gnu/libopencv_stereo.so.4.2.0: not a directory
[01m[Kcc1plus:[m[K [01;35m[Kwarning: [m[K/usr/lib/x86_64-linux-gnu/libopencv_structured_light.so.4.2.0: not a directory
[01m[Kcc1plus:[m[K [01;35m[Kwarning: [m[K/usr/lib/x86_64-linux-gnu/libopencv_superres.so.4.2.0: not a directory
[01m[Kcc1plus:[m[K [01;35m[Kwarning: [m[K/usr/lib/x86_64-linux-gnu/libopencv_surface_matching.so.4.2.0: not a directory
[01m[Kcc1plus:[m[K [01;35m[Kwarning: [m[K/usr/lib/x86_64-linux-gnu/libopencv_text.so.4.2.0: not a directory
[01m[Kcc1plus:[m[K [01;35m[Kwarning: [m[K/usr/lib/x86_64-linux-gnu/libopencv_tracking.so.4.2.0: not a directory
[01m[Kcc1plus:[m[K [01;35m[Kwarning: [m[K/usr/lib/x86_64-linux-gnu/libopencv_videostab.so.4.2.0: not a directory
[01m[Kcc1plus:[m[K [01;35m[Kwarning: [m[K/usr/lib/x86_64-linux-gnu/libopencv_viz.so.4.2.0: not a directory
[01m[Kcc1plus:[m[K [01;35m[Kwarning: [m[K/usr/lib/x86_64-linux-gnu/libopencv_ximgproc.so.4.2.0: not a directory
[01m[Kcc1plus:[m[K [01;35m[Kwarning: [m[K/usr/lib/x86_64-linux-gnu/libopencv_xobjdetect.so.4.2.0: not a directory
[01m[Kcc1plus:[m[K [01;35m[Kwarning: [m[K/usr/lib/x86_64-linux-gnu/libopencv_xphoto.so.4.2.0: not a directory
[01m[Kcc1plus:[m[K [01;35m[Kwarning: [m[K/usr/lib/x86_64-linux-gnu/libopencv_core.so.4.2.0: not a directory
[01m[Kcc1plus:[m[K [01;35m[Kwarning: [m[K/usr/lib/x86_64-linux-gnu/libopencv_imgproc.so.4.2.0: not a directory
[01m[Kcc1plus:[m[K [01;35m[Kwarning: [m[K/usr/lib/x86_64-linux-gnu/libopencv_imgcodecs.so.4.2.0: not a directory
[01m[Kcc1plus:[m[K [01;35m[Kwarning: [m[K/opt/ros/noetic/lib/libimage_transport.so: not a directory
[01m[Kcc1plus:[m[K [01;35m[Kwarning: [m[K/opt/ros/noetic/lib/libmessage_filters.so: not a directory
[01m[Kcc1plus:[m[K [01;35m[Kwarning: [m[K/opt/ros/noetic/lib/libclass_loader.so: not a directory
[01m[Kcc1plus:[m[K [01;35m[Kwarning: [m[K/usr/lib/x86_64-linux-gnu/libPocoFoundation.so: not a directory
[01m[Kcc1plus:[m[K [01;35m[Kwarning: [m[K/usr/lib/x86_64-linux-gnu/libdl.so: not a directory
[01m[Kcc1plus:[m[K [01;35m[Kwarning: [m[K/opt/ros/noetic/lib/libroscpp.so: not a directory
[01m[Kcc1plus:[m[K [01;35m[Kwarning: [m[K/usr/lib/x86_64-linux-gnu/libpthread.so: not a directory
[01m[Kcc1plus:[m[K [01;35m[Kwarning: [m[K/usr/lib/x86_64-linux-gnu/libboost_chrono.so.1.71.0: not a directory
[01m[Kcc1plus:[m[K [01;35m[Kwarning: [m[K/opt/ros/noetic/lib/librosconsole.so: not a directory
[01m[Kcc1plus:[m[K [01;35m[Kwarning: [m[K/opt/ros/noetic/lib/librosconsole_log4cxx.so: not a directory
[01m[Kcc1plus:[m[K [01;35m[Kwarning: [m[K/opt/ros/noetic/lib/librosconsole_backend_interface.so: not a directory
[01m[Kcc1plus:[m[K [01;35m[Kwarning: [m[K/usr/lib/x86_64-linux-gnu/liblog4cxx.so: not a directory
[01m[Kcc1plus:[m[K [01;35m[Kwarning: [m[K/usr/lib/x86_64-linux-gnu/libboost_regex.so.1.71.0: not a directory
[01m[Kcc1plus:[m[K [01;35m[Kwarning: [m[K/opt/ros/noetic/lib/libxmlrpcpp.so: not a directory
[01m[Kcc1plus:[m[K [01;35m[Kwarning: [m[K/opt/ros/noetic/lib/libroslib.so: not a directory
[01m[Kcc1plus:[m[K [01;35m[Kwarning: [m[K/opt/ros/noetic/lib/librospack.so: not a directory
[01m[Kcc1plus:[m[K [01;35m[Kwarning: [m[K/usr/lib/x86_64-linux-gnu/libpython3.8.so: not a directory
[01m[Kcc1plus:[m[K [01;35m[Kwarning: [m[K/usr/lib/x86_64-linux-gnu/libboost_filesystem.so.1.71.0: not a directory
[01m[Kcc1plus:[m[K [01;35m[Kwarning: [m[K/usr/lib/x86_64-linux-gnu/libboost_program_options.so.1.71.0: not a directory
[01m[Kcc1plus:[m[K [01;35m[Kwarning: [m[K/usr/lib/x86_64-linux-gnu/libtinyxml2.so: not a directory
[01m[Kcc1plus:[m[K [01;35m[Kwarning: [m[K/opt/ros/noetic/lib/libroscpp_serialization.so: not a directory
[01m[Kcc1plus:[m[K [01;35m[Kwarning: [m[K/opt/ros/noetic/lib/librostime.so: not a directory
[01m[Kcc1plus:[m[K [01;35m[Kwarning: [m[K/usr/lib/x86_64-linux-gnu/libboost_date_time.so.1.71.0: not a directory
[01m[Kcc1plus:[m[K [01;35m[Kwarning: [m[K/opt/ros/noetic/lib/libcpp_common.so: not a directory
[01m[Kcc1plus:[m[K [01;35m[Kwarning: [m[K/usr/lib/x86_64-linux-gnu/libboost_system.so.1.71.0: not a directory
[01m[Kcc1plus:[m[K [01;35m[Kwarning: [m[K/usr/lib/x86_64-linux-gnu/libboost_thread.so.1.71.0: not a directory
[01m[Kcc1plus:[m[K [01;35m[Kwarning: [m[K/usr/lib/x86_64-linux-gnu/libconsole_bridge.so.0.4: not a directory
[01m[K/home/mwr/tracking/src/multi_robot_tracking/src/multi_robot_tracking_nodelet.cpp:170:34:[m[K [01;31m[Kerror: [m[K‘[01m[Kcurrent_num_targets[m[K’ has not been declared
     std::vector<int> current_ids([01;31m[Kcurrent_num_targets[m[K, -1); // -1表示未分配ID
                                  [01;31m[K^~~~~~~~~~~~~~~~~~~[m[K
[01m[K/home/mwr/tracking/src/multi_robot_tracking/src/multi_robot_tracking_nodelet.cpp:170:55:[m[K [01;31m[Kerror: [m[Kexpected identifier before ‘[01m[K-[m[K’ token
     std::vector<int> current_ids(current_num_targets, [01;31m[K-[m[K1); // -1表示未分配ID
                                                       [01;31m[K^[m[K
[01m[K/home/mwr/tracking/src/multi_robot_tracking/src/multi_robot_tracking_nodelet.cpp:170:55:[m[K [01;31m[Kerror: [m[Kexpected ‘[01m[K,[m[K’ or ‘[01m[K...[m[K’ before ‘[01m[K-[m[K’ token
[01m[K/home/mwr/tracking/src/multi_robot_tracking/src/multi_robot_tracking_nodelet.cpp:[m[K In member function ‘[01m[Kvoid multi_robot_tracking_Nodelet::associate_ids()[m[K’:
[01m[K/home/mwr/tracking/src/multi_robot_tracking/src/multi_robot_tracking_nodelet.cpp:205:30:[m[K [01;31m[Kerror: [m[Kinvalid types ‘[01m[K<unresolved overloaded function type>[int][m[K’ for array subscript
                 current_ids[i[01;31m[K][m[K = id_consensus(i);
                              [01;31m[K^[m[K
[01m[K/home/mwr/tracking/src/multi_robot_tracking/src/multi_robot_tracking_nodelet.cpp:210:30:[m[K [01;31m[Kerror: [m[Kinvalid types ‘[01m[K<unresolved overloaded function type>[int][m[K’ for array subscript
                 current_ids[i[01;31m[K][m[K = next_id_++;
                              [01;31m[K^[m[K
[01m[K/home/mwr/tracking/src/multi_robot_tracking/src/multi_robot_tracking_nodelet.cpp:240:63:[m[K [01;31m[Kerror: [m[Kinvalid types ‘[01m[K<unresolved overloaded function type>[int][m[K’ for array subscript
                     occlusion_pairs.emplace_back(current_ids[i[01;31m[K][m[K, current_ids[j]);
                                                               [01;31m[K^[m[K
[01m[K/home/mwr/tracking/src/multi_robot_tracking/src/multi_robot_tracking_nodelet.cpp:240:79:[m[K [01;31m[Kerror: [m[Kinvalid types ‘[01m[K<unresolved overloaded function type>[int][m[K’ for array subscript
                     occlusion_pairs.emplace_back(current_ids[i], current_ids[j[01;31m[K][m[K);
                                                                               [01;31m[K^[m[K
[01m[K/home/mwr/tracking/src/multi_robot_tracking/src/multi_robot_tracking_nodelet.cpp:277:27:[m[K [01;31m[Kerror: [m[Kinvalid use of member function ‘[01m[Kstd::vector<int> multi_robot_tracking_Nodelet::current_ids(int, int)[m[K’ (did you forget the ‘[01m[K()[m[K’ ?)
     id_consensus.resize(1,[01;31m[Kcurrent_ids[m[K.size());
                           [01;31m[K^~~~~~~~~~~[m[K
[01m[K/home/mwr/tracking/src/multi_robot_tracking/src/multi_robot_tracking_nodelet.cpp:278:28:[m[K [01;31m[Kerror: [m[Kinvalid use of member function ‘[01m[Kstd::vector<int> multi_robot_tracking_Nodelet::current_ids(int, int)[m[K’ (did you forget the ‘[01m[K()[m[K’ ?)
     for (size_t i = 0; i < [01;31m[Kcurrent_ids[m[K.size(); i++) {
                            [01;31m[K^~~~~~~~~~~[m[K
[01m[K/home/mwr/tracking/src/multi_robot_tracking/src/multi_robot_tracking_nodelet.cpp:278:40:[m[K [01;31m[Kerror: [m[Kexpected ‘[01m[K;[m[K’ before ‘[01m[Ksize[m[K’
     for (size_t i = 0; i < current_ids.[01;31m[Ks[m[K[32m[Kize[m[K(); i++) {
                                        [01;31m[K^[m[K[32m[K~~~[m[K
                                        [32m[K;[m[K
[01m[K/home/mwr/tracking/src/multi_robot_tracking/src/multi_robot_tracking_nodelet.cpp:278:40:[m[K [01;31m[Kerror: [m[K‘[01m[Ksize[m[K’ was not declared in this scope
     for (size_t i = 0; i < current_ids.[01;31m[Ksize[m[K(); i++) {
                                        [01;31m[K^~~~[m[K
[01m[K/home/mwr/tracking/src/multi_robot_tracking/src/multi_robot_tracking_nodelet.cpp:278:40:[m[K [01;36m[Knote: [m[Ksuggested alternatives:
In file included from [01m[K/usr/include/boost/range/functions.hpp:20[m[K,
                 from [01m[K/usr/include/boost/range/iterator_range_core.hpp:38[m[K,
                 from [01m[K/usr/include/boost/lexical_cast.hpp:30[m[K,
                 from [01m[K/opt/ros/noetic/include/ros/transport_hints.h:34[m[K,
                 from [01m[K/opt/ros/noetic/include/ros/subscribe_options.h:33[m[K,
                 from [01m[K/opt/ros/noetic/include/ros/node_handle.h:42[m[K,
                 from [01m[K/opt/ros/noetic/include/ros/ros.h:45[m[K,
                 from [01m[K/opt/ros/noetic/include/image_transport/publisher.h:38[m[K,
                 from [01m[K/opt/ros/noetic/include/image_transport/image_transport.h:38[m[K,
                 from [01m[K/home/mwr/tracking/src/multi_robot_tracking/src/multi_robot_tracking_nodelet.cpp:6[m[K:
[01m[K/usr/include/boost/range/size.hpp:55:5:[m[K [01;36m[Knote: [m[K  ‘[01m[Kboost::size[m[K’
     [01;36m[Ksize[m[K(const SinglePassRange& rng)
     [01;36m[K^~~~[m[K
In file included from [01m[K/usr/include/boost/mpl/list/aux_/size.hpp:17[m[K,
                 from [01m[K/usr/include/boost/mpl/list/list0.hpp:25[m[K,
                 from [01m[K/usr/include/boost/mpl/list/list10.hpp:18[m[K,
                 from [01m[K/usr/include/boost/mpl/list/list20.hpp:18[m[K,
                 from [01m[K/usr/include/boost/mpl/list.hpp:36[m[K,
                 from [01m[K/usr/include/boost/math/policies/policy.hpp:9[m[K,
                 from [01m[K/usr/include/boost/math/policies/error_handling.hpp:21[m[K,
                 from [01m[K/usr/include/boost/math/special_functions/round.hpp:14[m[K,
                 from [01m[K/opt/ros/noetic/include/ros/time.h:58[m[K,
                 from [01m[K/opt/ros/noetic/include/ros/serialization.h:34[m[K,
                 from [01m[K/opt/ros/noetic/include/std_msgs/Bool.h:14[m[K,
                 from [01m[K/home/mwr/tracking/src/multi_robot_tracking/src/multi_robot_tracking_nodelet.cpp:1[m[K:
[01m[K/usr/include/boost/mpl/size_fwd.hpp:20:38:[m[K [01;36m[Knote: [m[K  ‘[01m[Kboost::mpl::size[m[K’
 template< typename Sequence > struct [01;36m[Ksize[m[K;
                                      [01;36m[K^~~~[m[K
[01m[K/home/mwr/tracking/src/multi_robot_tracking/src/multi_robot_tracking_nodelet.cpp:278:46:[m[K [01;31m[Kerror: [m[Kexpected ‘[01m[K)[m[K’ before ‘[01m[K;[m[K’ token
     for [34m[K([m[Ksize_t i = 0; i < current_ids.size()[01;31m[K;[m[K i++) {
         [34m[K~[m[K                                    [01;31m[K^[m[K
                                              [32m[K)[m[K
[01m[K/home/mwr/tracking/src/multi_robot_tracking/src/multi_robot_tracking_nodelet.cpp:278:48:[m[K [01;31m[Kerror: [m[K‘[01m[Ki[m[K’ was not declared in this scope
     for (size_t i = 0; i < current_ids.size(); [01;31m[Ki[m[K++) {
                                                [01;31m[K^[m[K
[01m[K/home/mwr/tracking/src/multi_robot_tracking/src/multi_robot_tracking_nodelet.cpp:283:21:[m[K [01;31m[Kerror: [m[Kinvalid use of non-static member function ‘[01m[Kstd::vector<int> multi_robot_tracking_Nodelet::current_ids(int, int)[m[K’
     previous_ids_ = [01;31m[Kcurrent_ids[m[K;
                     [01;31m[K^~~~~~~~~~~[m[K
[01m[K/home/mwr/tracking/src/multi_robot_tracking/src/multi_robot_tracking_nodelet.cpp:170:22:[m[K [01;36m[Knote: [m[Kdeclared here
     std::vector<int> [01;36m[Kcurrent_ids[m[K(current_num_targets, -1); // -1表示未分配ID
                      [01;36m[K^~~~~~~~~~~[m[K
make[2]: *** [CMakeFiles/multi_robot_tracking.dir/build.make:141：CMakeFiles/multi_robot_tracking.dir/src/multi_robot_tracking_nodelet.cpp.o] 错误 1
make[1]: *** [CMakeFiles/Makefile2:261：CMakeFiles/multi_robot_tracking.dir/all] 错误 2
make: *** [Makefile:141：all] 错误 2
