[01m[Kcc1plus:[m[K [01;35m[Kwarning: [m[K/opt/ros/noetic/lib/libnodeletlib.so: not a directory
[01m[Kcc1plus:[m[K [01;35m[Kwarning: [m[K/opt/ros/noetic/lib/libnodeletlib.so: not a directory
[01m[Kcc1plus:[m[K [01;35m[Kwarning: [m[K/opt/ros/noetic/lib/libbondcpp.so: not a directory
[01m[Kcc1plus:[m[K [01;35m[Kwarning: [m[K/opt/ros/noetic/lib/libbondcpp.so: not a directory
[01m[Kcc1plus:[m[K [01;35m[Kwarning: [m[K/usr/lib/x86_64-linux-gnu/libuuid.so: not a directory
[01m[Kcc1plus:[m[K [01;35m[Kwarning: [m[K/usr/lib/x86_64-linux-gnu/libuuid.so: not a directory
[01m[Kcc1plus:[m[K [01;35m[Kwarning: [m[K/opt/ros/noetic/lib/libtf.so: not a directory
[01m[Kcc1plus:[m[K [01;35m[Kwarning: [m[K/opt/ros/noetic/lib/libtf.so: not a directory
[01m[Kcc1plus:[m[K [01;35m[Kwarning: [m[K/opt/ros/noetic/lib/libtf2_ros.so: not a directory
[01m[Kcc1plus:[m[K [01;35m[Kwarning: [m[K/opt/ros/noetic/lib/libtf2_ros.so: not a directory
[01m[Kcc1plus:[m[K [01;35m[Kwarning: [m[K/opt/ros/noetic/lib/libactionlib.so: not a directory
[01m[Kcc1plus:[m[K [01;35m[Kwarning: [m[K/opt/ros/noetic/lib/libactionlib.so: not a directory
[01m[Kcc1plus:[m[K [01;35m[Kwarning: [m[K/opt/ros/noetic/lib/libtf2.so: not a directory
[01m[Kcc1plus:[m[K [01;35m[Kwarning: [m[K/opt/ros/noetic/lib/libtf2.so: not a directory
[01m[Kcc1plus:[m[K [01;35m[Kwarning: [m[K/opt/ros/noetic/lib/libcv_bridge.so: not a directory
[01m[Kcc1plus:[m[K [01;35m[Kwarning: [m[K/opt/ros/noetic/lib/libcv_bridge.so: not a directory
[01m[Kcc1plus:[m[K [01;35m[Kwarning: [m[K/usr/lib/x86_64-linux-gnu/libopencv_calib3d.so.4.2.0: not a directory
[01m[Kcc1plus:[m[K [01;35m[Kwarning: [m[K/usr/lib/x86_64-linux-gnu/libopencv_calib3d.so.4.2.0: not a directory
[01m[Kcc1plus:[m[K [01;35m[Kwarning: [m[K/usr/lib/x86_64-linux-gnu/libopencv_dnn.so.4.2.0: not a directory
[01m[Kcc1plus:[m[K [01;35m[Kwarning: [m[K/usr/lib/x86_64-linux-gnu/libopencv_dnn.so.4.2.0: not a directory
[01m[Kcc1plus:[m[K [01;35m[Kwarning: [m[K/usr/lib/x86_64-linux-gnu/libopencv_features2d.so.4.2.0: not a directory
[01m[Kcc1plus:[m[K [01;35m[Kwarning: [m[K/usr/lib/x86_64-linux-gnu/libopencv_features2d.so.4.2.0: not a directory
[01m[Kcc1plus:[m[K [01;35m[Kwarning: [m[K/usr/lib/x86_64-linux-gnu/libopencv_flann.so.4.2.0: not a directory
[01m[Kcc1plus:[m[K [01;35m[Kwarning: [m[K/usr/lib/x86_64-linux-gnu/libopencv_flann.so.4.2.0: not a directory
[01m[Kcc1plus:[m[K [01;35m[Kwarning: [m[K/usr/lib/x86_64-linux-gnu/libopencv_highgui.so.4.2.0: not a directory
[01m[Kcc1plus:[m[K [01;35m[Kwarning: [m[K/usr/lib/x86_64-linux-gnu/libopencv_highgui.so.4.2.0: not a directory
[01m[Kcc1plus:[m[K [01;35m[Kwarning: [m[K/usr/lib/x86_64-linux-gnu/libopencv_ml.so.4.2.0: not a directory
[01m[Kcc1plus:[m[K [01;35m[Kwarning: [m[K/usr/lib/x86_64-linux-gnu/libopencv_ml.so.4.2.0: not a directory
[01m[Kcc1plus:[m[K [01;35m[Kwarning: [m[K/usr/lib/x86_64-linux-gnu/libopencv_objdetect.so.4.2.0: not a directory
[01m[Kcc1plus:[m[K [01;35m[Kwarning: [m[K/usr/lib/x86_64-linux-gnu/libopencv_objdetect.so.4.2.0: not a directory
[01m[Kcc1plus:[m[K [01;35m[Kwarning: [m[K/usr/lib/x86_64-linux-gnu/libopencv_photo.so.4.2.0: not a directory
[01m[Kcc1plus:[m[K [01;35m[Kwarning: [m[K/usr/lib/x86_64-linux-gnu/libopencv_photo.so.4.2.0: not a directory
[01m[Kcc1plus:[m[K [01;35m[Kwarning: [m[K/usr/lib/x86_64-linux-gnu/libopencv_stitching.so.4.2.0: not a directory
[01m[Kcc1plus:[m[K [01;35m[Kwarning: [m[K/usr/lib/x86_64-linux-gnu/libopencv_stitching.so.4.2.0: not a directory
[01m[Kcc1plus:[m[K [01;35m[Kwarning: [m[K/usr/lib/x86_64-linux-gnu/libopencv_video.so.4.2.0: not a directory
[01m[Kcc1plus:[m[K [01;35m[Kwarning: [m[K/usr/lib/x86_64-linux-gnu/libopencv_video.so.4.2.0: not a directory
[01m[Kcc1plus:[m[K [01;35m[Kwarning: [m[K/usr/lib/x86_64-linux-gnu/libopencv_videoio.so.4.2.0: not a directory
[01m[Kcc1plus:[m[K [01;35m[Kwarning: [m[K/usr/lib/x86_64-linux-gnu/libopencv_videoio.so.4.2.0: not a directory
[01m[Kcc1plus:[m[K [01;35m[Kwarning: [m[K/usr/lib/x86_64-linux-gnu/libopencv_aruco.so.4.2.0: not a directory
[01m[Kcc1plus:[m[K [01;35m[Kwarning: [m[K/usr/lib/x86_64-linux-gnu/libopencv_aruco.so.4.2.0: not a directory
[01m[Kcc1plus:[m[K [01;35m[Kwarning: [m[K/usr/lib/x86_64-linux-gnu/libopencv_bgsegm.so.4.2.0: not a directory
[01m[Kcc1plus:[m[K [01;35m[Kwarning: [m[K/usr/lib/x86_64-linux-gnu/libopencv_bgsegm.so.4.2.0: not a directory
[01m[Kcc1plus:[m[K [01;35m[Kwarning: [m[K/usr/lib/x86_64-linux-gnu/libopencv_bioinspired.so.4.2.0: not a directory
[01m[Kcc1plus:[m[K [01;35m[Kwarning: [m[K/usr/lib/x86_64-linux-gnu/libopencv_bioinspired.so.4.2.0: not a directory
[01m[Kcc1plus:[m[K [01;35m[Kwarning: [m[K/usr/lib/x86_64-linux-gnu/libopencv_ccalib.so.4.2.0: not a directory
[01m[Kcc1plus:[m[K [01;35m[Kwarning: [m[K/usr/lib/x86_64-linux-gnu/libopencv_ccalib.so.4.2.0: not a directory
[01m[Kcc1plus:[m[K [01;35m[Kwarning: [m[K/usr/lib/x86_64-linux-gnu/libopencv_datasets.so.4.2.0: not a directory
[01m[Kcc1plus:[m[K [01;35m[Kwarning: [m[K/usr/lib/x86_64-linux-gnu/libopencv_datasets.so.4.2.0: not a directory
[01m[Kcc1plus:[m[K [01;35m[Kwarning: [m[K/usr/lib/x86_64-linux-gnu/libopencv_dnn_objdetect.so.4.2.0: not a directory
[01m[Kcc1plus:[m[K [01;35m[Kwarning: [m[K/usr/lib/x86_64-linux-gnu/libopencv_dnn_objdetect.so.4.2.0: not a directory
[01m[Kcc1plus:[m[K [01;35m[Kwarning: [m[K/usr/lib/x86_64-linux-gnu/libopencv_dnn_superres.so.4.2.0: not a directory
[01m[Kcc1plus:[m[K [01;35m[Kwarning: [m[K/usr/lib/x86_64-linux-gnu/libopencv_dnn_superres.so.4.2.0: not a directory
[01m[Kcc1plus:[m[K [01;35m[Kwarning: [m[K/usr/lib/x86_64-linux-gnu/libopencv_dpm.so.4.2.0: not a directory
[01m[Kcc1plus:[m[K [01;35m[Kwarning: [m[K/usr/lib/x86_64-linux-gnu/libopencv_dpm.so.4.2.0: not a directory
[01m[Kcc1plus:[m[K [01;35m[Kwarning: [m[K/usr/lib/x86_64-linux-gnu/libopencv_face.so.4.2.0: not a directory
[01m[Kcc1plus:[m[K [01;35m[Kwarning: [m[K/usr/lib/x86_64-linux-gnu/libopencv_face.so.4.2.0: not a directory
[01m[Kcc1plus:[m[K [01;35m[Kwarning: [m[K/usr/lib/x86_64-linux-gnu/libopencv_freetype.so.4.2.0: not a directory
[01m[Kcc1plus:[m[K [01;35m[Kwarning: [m[K/usr/lib/x86_64-linux-gnu/libopencv_freetype.so.4.2.0: not a directory
[01m[Kcc1plus:[m[K [01;35m[Kwarning: [m[K/usr/lib/x86_64-linux-gnu/libopencv_fuzzy.so.4.2.0: not a directory
[01m[Kcc1plus:[m[K [01;35m[Kwarning: [m[K/usr/lib/x86_64-linux-gnu/libopencv_fuzzy.so.4.2.0: not a directory
[01m[Kcc1plus:[m[K [01;35m[Kwarning: [m[K/usr/lib/x86_64-linux-gnu/libopencv_hdf.so.4.2.0: not a directory
[01m[Kcc1plus:[m[K [01;35m[Kwarning: [m[K/usr/lib/x86_64-linux-gnu/libopencv_hdf.so.4.2.0: not a directory
[01m[Kcc1plus:[m[K [01;35m[Kwarning: [m[K/usr/lib/x86_64-linux-gnu/libopencv_hfs.so.4.2.0: not a directory
[01m[Kcc1plus:[m[K [01;35m[Kwarning: [m[K/usr/lib/x86_64-linux-gnu/libopencv_hfs.so.4.2.0: not a directory
[01m[Kcc1plus:[m[K [01;35m[Kwarning: [m[K/usr/lib/x86_64-linux-gnu/libopencv_img_hash.so.4.2.0: not a directory
[01m[Kcc1plus:[m[K [01;35m[Kwarning: [m[K/usr/lib/x86_64-linux-gnu/libopencv_img_hash.so.4.2.0: not a directory
[01m[Kcc1plus:[m[K [01;35m[Kwarning: [m[K/usr/lib/x86_64-linux-gnu/libopencv_line_descriptor.so.4.2.0: not a directory
[01m[Kcc1plus:[m[K [01;35m[Kwarning: [m[K/usr/lib/x86_64-linux-gnu/libopencv_line_descriptor.so.4.2.0: not a directory
[01m[Kcc1plus:[m[K [01;35m[Kwarning: [m[K/usr/lib/x86_64-linux-gnu/libopencv_optflow.so.4.2.0: not a directory
[01m[Kcc1plus:[m[K [01;35m[Kwarning: [m[K/usr/lib/x86_64-linux-gnu/libopencv_optflow.so.4.2.0: not a directory
[01m[Kcc1plus:[m[K [01;35m[Kwarning: [m[K/usr/lib/x86_64-linux-gnu/libopencv_phase_unwrapping.so.4.2.0: not a directory
[01m[Kcc1plus:[m[K [01;35m[Kwarning: [m[K/usr/lib/x86_64-linux-gnu/libopencv_phase_unwrapping.so.4.2.0: not a directory
[01m[Kcc1plus:[m[K [01;35m[Kwarning: [m[K/usr/lib/x86_64-linux-gnu/libopencv_plot.so.4.2.0: not a directory
[01m[Kcc1plus:[m[K [01;35m[Kwarning: [m[K/usr/lib/x86_64-linux-gnu/libopencv_plot.so.4.2.0: not a directory
[01m[Kcc1plus:[m[K [01;35m[Kwarning: [m[K/usr/lib/x86_64-linux-gnu/libopencv_quality.so.4.2.0: not a directory
[01m[Kcc1plus:[m[K [01;35m[Kwarning: [m[K/usr/lib/x86_64-linux-gnu/libopencv_quality.so.4.2.0: not a directory
[01m[Kcc1plus:[m[K [01;35m[Kwarning: [m[K/usr/lib/x86_64-linux-gnu/libopencv_reg.so.4.2.0: not a directory
[01m[Kcc1plus:[m[K [01;35m[Kwarning: [m[K/usr/lib/x86_64-linux-gnu/libopencv_reg.so.4.2.0: not a directory
[01m[Kcc1plus:[m[K [01;35m[Kwarning: [m[K/usr/lib/x86_64-linux-gnu/libopencv_rgbd.so.4.2.0: not a directory
[01m[Kcc1plus:[m[K [01;35m[Kwarning: [m[K/usr/lib/x86_64-linux-gnu/libopencv_rgbd.so.4.2.0: not a directory
[01m[Kcc1plus:[m[K [01;35m[Kwarning: [m[K/usr/lib/x86_64-linux-gnu/libopencv_saliency.so.4.2.0: not a directory
[01m[Kcc1plus:[m[K [01;35m[Kwarning: [m[K/usr/lib/x86_64-linux-gnu/libopencv_saliency.so.4.2.0: not a directory
[01m[Kcc1plus:[m[K [01;35m[Kwarning: [m[K/usr/lib/x86_64-linux-gnu/libopencv_shape.so.4.2.0: not a directory
[01m[Kcc1plus:[m[K [01;35m[Kwarning: [m[K/usr/lib/x86_64-linux-gnu/libopencv_shape.so.4.2.0: not a directory
[01m[Kcc1plus:[m[K [01;35m[Kwarning: [m[K/usr/lib/x86_64-linux-gnu/libopencv_stereo.so.4.2.0: not a directory
[01m[Kcc1plus:[m[K [01;35m[Kwarning: [m[K/usr/lib/x86_64-linux-gnu/libopencv_stereo.so.4.2.0: not a directory
[01m[Kcc1plus:[m[K [01;35m[Kwarning: [m[K/usr/lib/x86_64-linux-gnu/libopencv_structured_light.so.4.2.0: not a directory
[01m[Kcc1plus:[m[K [01;35m[Kwarning: [m[K/usr/lib/x86_64-linux-gnu/libopencv_structured_light.so.4.2.0: not a directory
[01m[Kcc1plus:[m[K [01;35m[Kwarning: [m[K/usr/lib/x86_64-linux-gnu/libopencv_superres.so.4.2.0: not a directory
[01m[Kcc1plus:[m[K [01;35m[Kwarning: [m[K/usr/lib/x86_64-linux-gnu/libopencv_superres.so.4.2.0: not a directory
[01m[Kcc1plus:[m[K [01;35m[Kwarning: [m[K/usr/lib/x86_64-linux-gnu/libopencv_surface_matching.so.4.2.0: not a directory
[01m[Kcc1plus:[m[K [01;35m[Kwarning: [m[K/usr/lib/x86_64-linux-gnu/libopencv_surface_matching.so.4.2.0: not a directory
[01m[Kcc1plus:[m[K [01;35m[Kwarning: [m[K/usr/lib/x86_64-linux-gnu/libopencv_text.so.4.2.0: not a directory
[01m[Kcc1plus:[m[K [01;35m[Kwarning: [m[K/usr/lib/x86_64-linux-gnu/libopencv_text.so.4.2.0: not a directory
[01m[Kcc1plus:[m[K [01;35m[Kwarning: [m[K/usr/lib/x86_64-linux-gnu/libopencv_tracking.so.4.2.0: not a directory
[01m[Kcc1plus:[m[K [01;35m[Kwarning: [m[K/usr/lib/x86_64-linux-gnu/libopencv_tracking.so.4.2.0: not a directory
[01m[Kcc1plus:[m[K [01;35m[Kwarning: [m[K/usr/lib/x86_64-linux-gnu/libopencv_videostab.so.4.2.0: not a directory
[01m[Kcc1plus:[m[K [01;35m[Kwarning: [m[K/usr/lib/x86_64-linux-gnu/libopencv_videostab.so.4.2.0: not a directory
[01m[Kcc1plus:[m[K [01;35m[Kwarning: [m[K/usr/lib/x86_64-linux-gnu/libopencv_viz.so.4.2.0: not a directory
[01m[Kcc1plus:[m[K [01;35m[Kwarning: [m[K/usr/lib/x86_64-linux-gnu/libopencv_viz.so.4.2.0: not a directory
[01m[Kcc1plus:[m[K [01;35m[Kwarning: [m[K/usr/lib/x86_64-linux-gnu/libopencv_ximgproc.so.4.2.0: not a directory
[01m[Kcc1plus:[m[K [01;35m[Kwarning: [m[K/usr/lib/x86_64-linux-gnu/libopencv_ximgproc.so.4.2.0: not a directory
[01m[Kcc1plus:[m[K [01;35m[Kwarning: [m[K/usr/lib/x86_64-linux-gnu/libopencv_xobjdetect.so.4.2.0: not a directory
[01m[Kcc1plus:[m[K [01;35m[Kwarning: [m[K/usr/lib/x86_64-linux-gnu/libopencv_xobjdetect.so.4.2.0: not a directory
[01m[Kcc1plus:[m[K [01;35m[Kwarning: [m[K/usr/lib/x86_64-linux-gnu/libopencv_xphoto.so.4.2.0: not a directory
[01m[Kcc1plus:[m[K [01;35m[Kwarning: [m[K/usr/lib/x86_64-linux-gnu/libopencv_xphoto.so.4.2.0: not a directory
[01m[Kcc1plus:[m[K [01;35m[Kwarning: [m[K/usr/lib/x86_64-linux-gnu/libopencv_core.so.4.2.0: not a directory
[01m[Kcc1plus:[m[K [01;35m[Kwarning: [m[K/usr/lib/x86_64-linux-gnu/libopencv_core.so.4.2.0: not a directory
[01m[Kcc1plus:[m[K [01;35m[Kwarning: [m[K/usr/lib/x86_64-linux-gnu/libopencv_imgproc.so.4.2.0: not a directory
[01m[Kcc1plus:[m[K [01;35m[Kwarning: [m[K/usr/lib/x86_64-linux-gnu/libopencv_imgproc.so.4.2.0: not a directory
[01m[Kcc1plus:[m[K [01;35m[Kwarning: [m[K/usr/lib/x86_64-linux-gnu/libopencv_imgcodecs.so.4.2.0: not a directory
[01m[Kcc1plus:[m[K [01;35m[Kwarning: [m[K/usr/lib/x86_64-linux-gnu/libopencv_imgcodecs.so.4.2.0: not a directory
[01m[Kcc1plus:[m[K [01;35m[Kwarning: [m[K/opt/ros/noetic/lib/libimage_transport.so: not a directory
[01m[Kcc1plus:[m[K [01;35m[Kwarning: [m[K/opt/ros/noetic/lib/libimage_transport.so: not a directory
[01m[Kcc1plus:[m[K [01;35m[Kwarning: [m[K/opt/ros/noetic/lib/libmessage_filters.so: not a directory
[01m[Kcc1plus:[m[K [01;35m[Kwarning: [m[K/opt/ros/noetic/lib/libmessage_filters.so: not a directory
[01m[Kcc1plus:[m[K [01;35m[Kwarning: [m[K/opt/ros/noetic/lib/libclass_loader.so: not a directory
[01m[Kcc1plus:[m[K [01;35m[Kwarning: [m[K/opt/ros/noetic/lib/libclass_loader.so: not a directory
[01m[Kcc1plus:[m[K [01;35m[Kwarning: [m[K/usr/lib/x86_64-linux-gnu/libPocoFoundation.so: not a directory
[01m[Kcc1plus:[m[K [01;35m[Kwarning: [m[K/usr/lib/x86_64-linux-gnu/libPocoFoundation.so: not a directory
[01m[Kcc1plus:[m[K [01;35m[Kwarning: [m[K/usr/lib/x86_64-linux-gnu/libdl.so: not a directory
[01m[Kcc1plus:[m[K [01;35m[Kwarning: [m[K/usr/lib/x86_64-linux-gnu/libdl.so: not a directory
[01m[Kcc1plus:[m[K [01;35m[Kwarning: [m[K/opt/ros/noetic/lib/libroscpp.so: not a directory
[01m[Kcc1plus:[m[K [01;35m[Kwarning: [m[K/opt/ros/noetic/lib/libroscpp.so: not a directory
[01m[Kcc1plus:[m[K [01;35m[Kwarning: [m[K/usr/lib/x86_64-linux-gnu/libpthread.so: not a directory
[01m[Kcc1plus:[m[K [01;35m[Kwarning: [m[K/usr/lib/x86_64-linux-gnu/libpthread.so: not a directory
[01m[Kcc1plus:[m[K [01;35m[Kwarning: [m[K/usr/lib/x86_64-linux-gnu/libboost_chrono.so.1.71.0: not a directory
[01m[Kcc1plus:[m[K [01;35m[Kwarning: [m[K/usr/lib/x86_64-linux-gnu/libboost_chrono.so.1.71.0: not a directory
[01m[Kcc1plus:[m[K [01;35m[Kwarning: [m[K/opt/ros/noetic/lib/librosconsole.so: not a directory
[01m[Kcc1plus:[m[K [01;35m[Kwarning: [m[K/opt/ros/noetic/lib/librosconsole.so: not a directory
[01m[Kcc1plus:[m[K [01;35m[Kwarning: [m[K/opt/ros/noetic/lib/librosconsole_log4cxx.so: not a directory
[01m[Kcc1plus:[m[K [01;35m[Kwarning: [m[K/opt/ros/noetic/lib/librosconsole_log4cxx.so: not a directory
[01m[Kcc1plus:[m[K [01;35m[Kwarning: [m[K/opt/ros/noetic/lib/librosconsole_backend_interface.so: not a directory
[01m[Kcc1plus:[m[K [01;35m[Kwarning: [m[K/opt/ros/noetic/lib/librosconsole_backend_interface.so: not a directory
[01m[Kcc1plus:[m[K [01;35m[Kwarning: [m[K/usr/lib/x86_64-linux-gnu/liblog4cxx.so: not a directory
[01m[Kcc1plus:[m[K [01;35m[Kwarning: [m[K/usr/lib/x86_64-linux-gnu/liblog4cxx.so: not a directory
[01m[Kcc1plus:[m[K [01;35m[Kwarning: [m[K/usr/lib/x86_64-linux-gnu/libboost_regex.so.1.71.0: not a directory
[01m[Kcc1plus:[m[K [01;35m[Kwarning: [m[K/usr/lib/x86_64-linux-gnu/libboost_regex.so.1.71.0: not a directory
[01m[Kcc1plus:[m[K [01;35m[Kwarning: [m[K/opt/ros/noetic/lib/libxmlrpcpp.so: not a directory
[01m[Kcc1plus:[m[K [01;35m[Kwarning: [m[K/opt/ros/noetic/lib/libxmlrpcpp.so: not a directory
[01m[Kcc1plus:[m[K [01;35m[Kwarning: [m[K/opt/ros/noetic/lib/libroslib.so: not a directory
[01m[Kcc1plus:[m[K [01;35m[Kwarning: [m[K/opt/ros/noetic/lib/libroslib.so: not a directory
[01m[Kcc1plus:[m[K [01;35m[Kwarning: [m[K/opt/ros/noetic/lib/librospack.so: not a directory
[01m[Kcc1plus:[m[K [01;35m[Kwarning: [m[K/opt/ros/noetic/lib/librospack.so: not a directory
[01m[Kcc1plus:[m[K [01;35m[Kwarning: [m[K/usr/lib/x86_64-linux-gnu/libpython3.8.so: not a directory
[01m[Kcc1plus:[m[K [01;35m[Kwarning: [m[K/usr/lib/x86_64-linux-gnu/libpython3.8.so: not a directory
[01m[Kcc1plus:[m[K [01;35m[Kwarning: [m[K/usr/lib/x86_64-linux-gnu/libboost_filesystem.so.1.71.0: not a directory
[01m[Kcc1plus:[m[K [01;35m[Kwarning: [m[K/usr/lib/x86_64-linux-gnu/libboost_filesystem.so.1.71.0: not a directory
[01m[Kcc1plus:[m[K [01;35m[Kwarning: [m[K/usr/lib/x86_64-linux-gnu/libboost_program_options.so.1.71.0: not a directory
[01m[Kcc1plus:[m[K [01;35m[Kwarning: [m[K/usr/lib/x86_64-linux-gnu/libboost_program_options.so.1.71.0: not a directory
[01m[Kcc1plus:[m[K [01;35m[Kwarning: [m[K/usr/lib/x86_64-linux-gnu/libtinyxml2.so: not a directory
[01m[Kcc1plus:[m[K [01;35m[Kwarning: [m[K/usr/lib/x86_64-linux-gnu/libtinyxml2.so: not a directory
[01m[Kcc1plus:[m[K [01;35m[Kwarning: [m[K/opt/ros/noetic/lib/libroscpp_serialization.so: not a directory
[01m[Kcc1plus:[m[K [01;35m[Kwarning: [m[K/opt/ros/noetic/lib/libroscpp_serialization.so: not a directory
[01m[Kcc1plus:[m[K [01;35m[Kwarning: [m[K/opt/ros/noetic/lib/librostime.so: not a directory
[01m[Kcc1plus:[m[K [01;35m[Kwarning: [m[K/opt/ros/noetic/lib/librostime.so: not a directory
[01m[Kcc1plus:[m[K [01;35m[Kwarning: [m[K/usr/lib/x86_64-linux-gnu/libboost_date_time.so.1.71.0: not a directory
[01m[Kcc1plus:[m[K [01;35m[Kwarning: [m[K/usr/lib/x86_64-linux-gnu/libboost_date_time.so.1.71.0: not a directory
[01m[Kcc1plus:[m[K [01;35m[Kwarning: [m[K/opt/ros/noetic/lib/libcpp_common.so: not a directory
[01m[Kcc1plus:[m[K [01;35m[Kwarning: [m[K/opt/ros/noetic/lib/libcpp_common.so: not a directory
[01m[Kcc1plus:[m[K [01;35m[Kwarning: [m[K/usr/lib/x86_64-linux-gnu/libboost_system.so.1.71.0: not a directory
[01m[Kcc1plus:[m[K [01;35m[Kwarning: [m[K/usr/lib/x86_64-linux-gnu/libboost_system.so.1.71.0: not a directory
[01m[Kcc1plus:[m[K [01;35m[Kwarning: [m[K/usr/lib/x86_64-linux-gnu/libboost_thread.so.1.71.0: not a directory
[01m[Kcc1plus:[m[K [01;35m[Kwarning: [m[K/usr/lib/x86_64-linux-gnu/libboost_thread.so.1.71.0: not a directory
[01m[Kcc1plus:[m[K [01;35m[Kwarning: [m[K/usr/lib/x86_64-linux-gnu/libconsole_bridge.so.0.4: not a directory
[01m[Kcc1plus:[m[K [01;35m[Kwarning: [m[K/usr/lib/x86_64-linux-gnu/libconsole_bridge.so.0.4: not a directory
[01m[K/home/mwr/tracking/src/multi_robot_tracking/src/phd_filter.cpp:22:8:[m[K [01;35m[Kwarning: [m[Kextra tokens at end of #endif directive [[01;35m[K-Wendif-labels[m[K]
 #endif [01;35m[KTIMING[m[K
        [01;35m[K^~~~~~[m[K
In file included from [01m[K/usr/include/eigen3/Eigen/Core:366[m[K,
                 from [01m[K/usr/include/eigen3/Eigen/Geometry:11[m[K,
                 from [01m[K/home/mwr/tracking/src/multi_robot_tracking/src/multi_robot_tracking_nodelet.cpp:2[m[K:
/usr/include/eigen3/Eigen/src/Core/AssignEvaluator.h: In instantiation of ‘[01m[Kvoid Eigen::internal::call_assignment_no_alias(Dst&, const Src&, const Func&) [with Dst = Eigen::Matrix<double, -1, -1>; Src = Eigen::Matrix<int, -1, -1>; Func = Eigen::internal::assign_op<double, int>][m[K’:
[01m[K/usr/include/eigen3/Eigen/src/Core/AssignEvaluator.h:804:27:[m[K   required from ‘[01m[Kvoid Eigen::internal::call_assignment(Dst&, const Src&, const Func&, typename Eigen::internal::enable_if<(! Eigen::internal::evaluator_assume_aliasing<Src>::value), void*>::type) [with Dst = Eigen::Matrix<double, -1, -1>; Src = Eigen::Matrix<int, -1, -1>; Func = Eigen::internal::assign_op<double, int>; typename Eigen::internal::enable_if<(! Eigen::internal::evaluator_assume_aliasing<Src>::value), void*>::type = void*][m[K’
[01m[K/usr/include/eigen3/Eigen/src/Core/AssignEvaluator.h:782:18:[m[K   required from ‘[01m[Kvoid Eigen::internal::call_assignment(Dst&, const Src&) [with Dst = Eigen::Matrix<double, -1, -1>; Src = Eigen::Matrix<int, -1, -1>][m[K’
[01m[K/usr/include/eigen3/Eigen/src/Core/PlainObjectBase.h:714:32:[m[K   required from ‘[01m[KDerived& Eigen::PlainObjectBase<Derived>::_set(const Eigen::DenseBase<OtherDerived>&) [with OtherDerived = Eigen::Matrix<int, -1, -1>; Derived = Eigen::Matrix<double, -1, -1>][m[K’
[01m[K/usr/include/eigen3/Eigen/src/Core/Matrix.h:225:24:[m[K   required from ‘[01m[KEigen::Matrix<_Scalar, _Rows, _Cols, _Options, _MaxRows, _MaxCols>& Eigen::Matrix<_Scalar, _Rows, _Cols, _Options, _MaxRows, _MaxCols>::operator=(const Eigen::DenseBase<OtherDerived>&) [with OtherDerived = Eigen::Matrix<int, -1, -1>; _Scalar = double; int _Rows = -1; int _Cols = -1; int _Options = 0; int _MaxRows = -1; int _MaxCols = -1][m[K’
[01m[K/home/mwr/tracking/src/multi_robot_tracking/src/multi_robot_tracking_nodelet.cpp:1116:40:[m[K   required from here
[01m[K/usr/include/eigen3/Eigen/src/Core/AssignEvaluator.h:834:3:[m[K [01;31m[Kerror: [m[Kstatic assertion failed: YOU_MIXED_DIFFERENT_NUMERIC_TYPES__YOU_NEED_TO_USE_THE_CAST_METHOD_OF_MATRIXBASE_TO_CAST_NUMERIC_TYPES_EXPLICITLY
   [01;31m[KEIGEN_CHECK_BINARY_COMPATIBILIY[m[K(Func,typename ActualDstTypeCleaned::Scalar,typename Src::Scalar);
   [01;31m[K^~~~~~~~~~~~~~~~~~~~~~~~~~~~~~~[m[K
make[2]: *** [CMakeFiles/multi_robot_tracking.dir/build.make:141：CMakeFiles/multi_robot_tracking.dir/src/multi_robot_tracking_nodelet.cpp.o] 错误 1
make[2]: *** 正在等待未完成的任务....
make[1]: *** [CMakeFiles/Makefile2:261：CMakeFiles/multi_robot_tracking.dir/all] 错误 2
make: *** [Makefile:141：all] 错误 2
