[01m[Kcc1plus:[m[K [01;35m[Kwarning: [m[K/opt/ros/noetic/lib/libnodeletlib.so: not a directory
[01m[Kcc1plus:[m[K [01;35m[Kwarning: [m[K/opt/ros/noetic/lib/libnodeletlib.so: not a directory
[01m[Kcc1plus:[m[K [01;35m[Kwarning: [m[K/opt/ros/noetic/lib/libbondcpp.so: not a directory
[01m[Kcc1plus:[m[K [01;35m[Kwarning: [m[K/opt/ros/noetic/lib/libbondcpp.so: not a directory
[01m[Kcc1plus:[m[K [01;35m[Kwarning: [m[K/usr/lib/x86_64-linux-gnu/libuuid.so: not a directory
[01m[Kcc1plus:[m[K [01;35m[Kwarning: [m[K/usr/lib/x86_64-linux-gnu/libuuid.so: not a directory
[01m[Kcc1plus:[m[K [01;35m[Kwarning: [m[K/opt/ros/noetic/lib/libtf.so: not a directory
[01m[Kcc1plus:[m[K [01;35m[Kwarning: [m[K/opt/ros/noetic/lib/libtf.so: not a directory
[01m[Kcc1plus:[m[K [01;35m[Kwarning: [m[K/opt/ros/noetic/lib/libtf2_ros.so: not a directory
[01m[Kcc1plus:[m[K [01;35m[Kwarning: [m[K/opt/ros/noetic/lib/libtf2_ros.so: not a directory
[01m[Kcc1plus:[m[K [01;35m[Kwarning: [m[K/opt/ros/noetic/lib/libactionlib.so: not a directory
[01m[Kcc1plus:[m[K [01;35m[Kwarning: [m[K/opt/ros/noetic/lib/libactionlib.so: not a directory
[01m[Kcc1plus:[m[K [01;35m[Kwarning: [m[K/opt/ros/noetic/lib/libtf2.so: not a directory
[01m[Kcc1plus:[m[K [01;35m[Kwarning: [m[K/opt/ros/noetic/lib/libtf2.so: not a directory
[01m[Kcc1plus:[m[K [01;35m[Kwarning: [m[K/opt/ros/noetic/lib/libcv_bridge.so: not a directory
[01m[Kcc1plus:[m[K [01;35m[Kwarning: [m[K/opt/ros/noetic/lib/libcv_bridge.so: not a directory
[01m[Kcc1plus:[m[K [01;35m[Kwarning: [m[K/usr/lib/x86_64-linux-gnu/libopencv_calib3d.so.4.2.0: not a directory
[01m[Kcc1plus:[m[K [01;35m[Kwarning: [m[K/usr/lib/x86_64-linux-gnu/libopencv_calib3d.so.4.2.0: not a directory
[01m[Kcc1plus:[m[K [01;35m[Kwarning: [m[K/usr/lib/x86_64-linux-gnu/libopencv_dnn.so.4.2.0: not a directory
[01m[Kcc1plus:[m[K [01;35m[Kwarning: [m[K/usr/lib/x86_64-linux-gnu/libopencv_dnn.so.4.2.0: not a directory
[01m[Kcc1plus:[m[K [01;35m[Kwarning: [m[K/usr/lib/x86_64-linux-gnu/libopencv_features2d.so.4.2.0: not a directory
[01m[Kcc1plus:[m[K [01;35m[Kwarning: [m[K/usr/lib/x86_64-linux-gnu/libopencv_features2d.so.4.2.0: not a directory
[01m[Kcc1plus:[m[K [01;35m[Kwarning: [m[K/usr/lib/x86_64-linux-gnu/libopencv_flann.so.4.2.0: not a directory
[01m[Kcc1plus:[m[K [01;35m[Kwarning: [m[K/usr/lib/x86_64-linux-gnu/libopencv_flann.so.4.2.0: not a directory
[01m[Kcc1plus:[m[K [01;35m[Kwarning: [m[K/usr/lib/x86_64-linux-gnu/libopencv_highgui.so.4.2.0: not a directory
[01m[Kcc1plus:[m[K [01;35m[Kwarning: [m[K/usr/lib/x86_64-linux-gnu/libopencv_highgui.so.4.2.0: not a directory
[01m[Kcc1plus:[m[K [01;35m[Kwarning: [m[K/usr/lib/x86_64-linux-gnu/libopencv_ml.so.4.2.0: not a directory
[01m[Kcc1plus:[m[K [01;35m[Kwarning: [m[K/usr/lib/x86_64-linux-gnu/libopencv_ml.so.4.2.0: not a directory
[01m[Kcc1plus:[m[K [01;35m[Kwarning: [m[K/usr/lib/x86_64-linux-gnu/libopencv_objdetect.so.4.2.0: not a directory
[01m[Kcc1plus:[m[K [01;35m[Kwarning: [m[K/usr/lib/x86_64-linux-gnu/libopencv_objdetect.so.4.2.0: not a directory
[01m[Kcc1plus:[m[K [01;35m[Kwarning: [m[K/usr/lib/x86_64-linux-gnu/libopencv_photo.so.4.2.0: not a directory
[01m[Kcc1plus:[m[K [01;35m[Kwarning: [m[K/usr/lib/x86_64-linux-gnu/libopencv_photo.so.4.2.0: not a directory
[01m[Kcc1plus:[m[K [01;35m[Kwarning: [m[K/usr/lib/x86_64-linux-gnu/libopencv_stitching.so.4.2.0: not a directory
[01m[Kcc1plus:[m[K [01;35m[Kwarning: [m[K/usr/lib/x86_64-linux-gnu/libopencv_stitching.so.4.2.0: not a directory
[01m[Kcc1plus:[m[K [01;35m[Kwarning: [m[K/usr/lib/x86_64-linux-gnu/libopencv_video.so.4.2.0: not a directory
[01m[Kcc1plus:[m[K [01;35m[Kwarning: [m[K/usr/lib/x86_64-linux-gnu/libopencv_video.so.4.2.0: not a directory
[01m[Kcc1plus:[m[K [01;35m[Kwarning: [m[K/usr/lib/x86_64-linux-gnu/libopencv_videoio.so.4.2.0: not a directory
[01m[Kcc1plus:[m[K [01;35m[Kwarning: [m[K/usr/lib/x86_64-linux-gnu/libopencv_videoio.so.4.2.0: not a directory
[01m[Kcc1plus:[m[K [01;35m[Kwarning: [m[K/usr/lib/x86_64-linux-gnu/libopencv_aruco.so.4.2.0: not a directory
[01m[Kcc1plus:[m[K [01;35m[Kwarning: [m[K/usr/lib/x86_64-linux-gnu/libopencv_aruco.so.4.2.0: not a directory
[01m[Kcc1plus:[m[K [01;35m[Kwarning: [m[K/usr/lib/x86_64-linux-gnu/libopencv_bgsegm.so.4.2.0: not a directory
[01m[Kcc1plus:[m[K [01;35m[Kwarning: [m[K/usr/lib/x86_64-linux-gnu/libopencv_bgsegm.so.4.2.0: not a directory
[01m[Kcc1plus:[m[K [01;35m[Kwarning: [m[K/usr/lib/x86_64-linux-gnu/libopencv_bioinspired.so.4.2.0: not a directory
[01m[Kcc1plus:[m[K [01;35m[Kwarning: [m[K/usr/lib/x86_64-linux-gnu/libopencv_bioinspired.so.4.2.0: not a directory
[01m[Kcc1plus:[m[K [01;35m[Kwarning: [m[K/usr/lib/x86_64-linux-gnu/libopencv_ccalib.so.4.2.0: not a directory
[01m[Kcc1plus:[m[K [01;35m[Kwarning: [m[K/usr/lib/x86_64-linux-gnu/libopencv_ccalib.so.4.2.0: not a directory
[01m[Kcc1plus:[m[K [01;35m[Kwarning: [m[K/usr/lib/x86_64-linux-gnu/libopencv_datasets.so.4.2.0: not a directory
[01m[Kcc1plus:[m[K [01;35m[Kwarning: [m[K/usr/lib/x86_64-linux-gnu/libopencv_datasets.so.4.2.0: not a directory
[01m[Kcc1plus:[m[K [01;35m[Kwarning: [m[K/usr/lib/x86_64-linux-gnu/libopencv_dnn_objdetect.so.4.2.0: not a directory
[01m[Kcc1plus:[m[K [01;35m[Kwarning: [m[K/usr/lib/x86_64-linux-gnu/libopencv_dnn_objdetect.so.4.2.0: not a directory
[01m[Kcc1plus:[m[K [01;35m[Kwarning: [m[K/usr/lib/x86_64-linux-gnu/libopencv_dnn_superres.so.4.2.0: not a directory
[01m[Kcc1plus:[m[K [01;35m[Kwarning: [m[K/usr/lib/x86_64-linux-gnu/libopencv_dnn_superres.so.4.2.0: not a directory
[01m[Kcc1plus:[m[K [01;35m[Kwarning: [m[K/usr/lib/x86_64-linux-gnu/libopencv_dpm.so.4.2.0: not a directory
[01m[Kcc1plus:[m[K [01;35m[Kwarning: [m[K/usr/lib/x86_64-linux-gnu/libopencv_dpm.so.4.2.0: not a directory
[01m[Kcc1plus:[m[K [01;35m[Kwarning: [m[K/usr/lib/x86_64-linux-gnu/libopencv_face.so.4.2.0: not a directory
[01m[Kcc1plus:[m[K [01;35m[Kwarning: [m[K/usr/lib/x86_64-linux-gnu/libopencv_face.so.4.2.0: not a directory
[01m[Kcc1plus:[m[K [01;35m[Kwarning: [m[K/usr/lib/x86_64-linux-gnu/libopencv_freetype.so.4.2.0: not a directory
[01m[Kcc1plus:[m[K [01;35m[Kwarning: [m[K/usr/lib/x86_64-linux-gnu/libopencv_freetype.so.4.2.0: not a directory
[01m[Kcc1plus:[m[K [01;35m[Kwarning: [m[K/usr/lib/x86_64-linux-gnu/libopencv_fuzzy.so.4.2.0: not a directory
[01m[Kcc1plus:[m[K [01;35m[Kwarning: [m[K/usr/lib/x86_64-linux-gnu/libopencv_fuzzy.so.4.2.0: not a directory
[01m[Kcc1plus:[m[K [01;35m[Kwarning: [m[K/usr/lib/x86_64-linux-gnu/libopencv_hdf.so.4.2.0: not a directory
[01m[Kcc1plus:[m[K [01;35m[Kwarning: [m[K/usr/lib/x86_64-linux-gnu/libopencv_hdf.so.4.2.0: not a directory
[01m[Kcc1plus:[m[K [01;35m[Kwarning: [m[K/usr/lib/x86_64-linux-gnu/libopencv_hfs.so.4.2.0: not a directory
[01m[Kcc1plus:[m[K [01;35m[Kwarning: [m[K/usr/lib/x86_64-linux-gnu/libopencv_hfs.so.4.2.0: not a directory
[01m[Kcc1plus:[m[K [01;35m[Kwarning: [m[K/usr/lib/x86_64-linux-gnu/libopencv_img_hash.so.4.2.0: not a directory
[01m[Kcc1plus:[m[K [01;35m[Kwarning: [m[K/usr/lib/x86_64-linux-gnu/libopencv_img_hash.so.4.2.0: not a directory
[01m[Kcc1plus:[m[K [01;35m[Kwarning: [m[K/usr/lib/x86_64-linux-gnu/libopencv_line_descriptor.so.4.2.0: not a directory
[01m[Kcc1plus:[m[K [01;35m[Kwarning: [m[K/usr/lib/x86_64-linux-gnu/libopencv_line_descriptor.so.4.2.0: not a directory
[01m[Kcc1plus:[m[K [01;35m[Kwarning: [m[K/usr/lib/x86_64-linux-gnu/libopencv_optflow.so.4.2.0: not a directory
[01m[Kcc1plus:[m[K [01;35m[Kwarning: [m[K/usr/lib/x86_64-linux-gnu/libopencv_optflow.so.4.2.0: not a directory
[01m[Kcc1plus:[m[K [01;35m[Kwarning: [m[K/usr/lib/x86_64-linux-gnu/libopencv_phase_unwrapping.so.4.2.0: not a directory
[01m[Kcc1plus:[m[K [01;35m[Kwarning: [m[K/usr/lib/x86_64-linux-gnu/libopencv_phase_unwrapping.so.4.2.0: not a directory
[01m[Kcc1plus:[m[K [01;35m[Kwarning: [m[K/usr/lib/x86_64-linux-gnu/libopencv_plot.so.4.2.0: not a directory
[01m[Kcc1plus:[m[K [01;35m[Kwarning: [m[K/usr/lib/x86_64-linux-gnu/libopencv_plot.so.4.2.0: not a directory
[01m[Kcc1plus:[m[K [01;35m[Kwarning: [m[K/usr/lib/x86_64-linux-gnu/libopencv_quality.so.4.2.0: not a directory
[01m[Kcc1plus:[m[K [01;35m[Kwarning: [m[K/usr/lib/x86_64-linux-gnu/libopencv_quality.so.4.2.0: not a directory
[01m[Kcc1plus:[m[K [01;35m[Kwarning: [m[K/usr/lib/x86_64-linux-gnu/libopencv_reg.so.4.2.0: not a directory
[01m[Kcc1plus:[m[K [01;35m[Kwarning: [m[K/usr/lib/x86_64-linux-gnu/libopencv_reg.so.4.2.0: not a directory
[01m[Kcc1plus:[m[K [01;35m[Kwarning: [m[K/usr/lib/x86_64-linux-gnu/libopencv_rgbd.so.4.2.0: not a directory
[01m[Kcc1plus:[m[K [01;35m[Kwarning: [m[K/usr/lib/x86_64-linux-gnu/libopencv_rgbd.so.4.2.0: not a directory
[01m[Kcc1plus:[m[K [01;35m[Kwarning: [m[K/usr/lib/x86_64-linux-gnu/libopencv_saliency.so.4.2.0: not a directory
[01m[Kcc1plus:[m[K [01;35m[Kwarning: [m[K/usr/lib/x86_64-linux-gnu/libopencv_saliency.so.4.2.0: not a directory
[01m[Kcc1plus:[m[K [01;35m[Kwarning: [m[K/usr/lib/x86_64-linux-gnu/libopencv_shape.so.4.2.0: not a directory
[01m[Kcc1plus:[m[K [01;35m[Kwarning: [m[K/usr/lib/x86_64-linux-gnu/libopencv_shape.so.4.2.0: not a directory
[01m[Kcc1plus:[m[K [01;35m[Kwarning: [m[K/usr/lib/x86_64-linux-gnu/libopencv_stereo.so.4.2.0: not a directory
[01m[Kcc1plus:[m[K [01;35m[Kwarning: [m[K/usr/lib/x86_64-linux-gnu/libopencv_stereo.so.4.2.0: not a directory
[01m[Kcc1plus:[m[K [01;35m[Kwarning: [m[K/usr/lib/x86_64-linux-gnu/libopencv_structured_light.so.4.2.0: not a directory
[01m[Kcc1plus:[m[K [01;35m[Kwarning: [m[K/usr/lib/x86_64-linux-gnu/libopencv_structured_light.so.4.2.0: not a directory
[01m[Kcc1plus:[m[K [01;35m[Kwarning: [m[K/usr/lib/x86_64-linux-gnu/libopencv_superres.so.4.2.0: not a directory
[01m[Kcc1plus:[m[K [01;35m[Kwarning: [m[K/usr/lib/x86_64-linux-gnu/libopencv_superres.so.4.2.0: not a directory
[01m[Kcc1plus:[m[K [01;35m[Kwarning: [m[K/usr/lib/x86_64-linux-gnu/libopencv_surface_matching.so.4.2.0: not a directory
[01m[Kcc1plus:[m[K [01;35m[Kwarning: [m[K/usr/lib/x86_64-linux-gnu/libopencv_surface_matching.so.4.2.0: not a directory
[01m[Kcc1plus:[m[K [01;35m[Kwarning: [m[K/usr/lib/x86_64-linux-gnu/libopencv_text.so.4.2.0: not a directory
[01m[Kcc1plus:[m[K [01;35m[Kwarning: [m[K/usr/lib/x86_64-linux-gnu/libopencv_text.so.4.2.0: not a directory
[01m[Kcc1plus:[m[K [01;35m[Kwarning: [m[K/usr/lib/x86_64-linux-gnu/libopencv_tracking.so.4.2.0: not a directory
[01m[Kcc1plus:[m[K [01;35m[Kwarning: [m[K/usr/lib/x86_64-linux-gnu/libopencv_tracking.so.4.2.0: not a directory
[01m[Kcc1plus:[m[K [01;35m[Kwarning: [m[K/usr/lib/x86_64-linux-gnu/libopencv_videostab.so.4.2.0: not a directory
[01m[Kcc1plus:[m[K [01;35m[Kwarning: [m[K/usr/lib/x86_64-linux-gnu/libopencv_videostab.so.4.2.0: not a directory
[01m[Kcc1plus:[m[K [01;35m[Kwarning: [m[K/usr/lib/x86_64-linux-gnu/libopencv_viz.so.4.2.0: not a directory
[01m[Kcc1plus:[m[K [01;35m[Kwarning: [m[K/usr/lib/x86_64-linux-gnu/libopencv_viz.so.4.2.0: not a directory
[01m[Kcc1plus:[m[K [01;35m[Kwarning: [m[K/usr/lib/x86_64-linux-gnu/libopencv_ximgproc.so.4.2.0: not a directory
[01m[Kcc1plus:[m[K [01;35m[Kwarning: [m[K/usr/lib/x86_64-linux-gnu/libopencv_ximgproc.so.4.2.0: not a directory
[01m[Kcc1plus:[m[K [01;35m[Kwarning: [m[K/usr/lib/x86_64-linux-gnu/libopencv_xobjdetect.so.4.2.0: not a directory
[01m[Kcc1plus:[m[K [01;35m[Kwarning: [m[K/usr/lib/x86_64-linux-gnu/libopencv_xobjdetect.so.4.2.0: not a directory
[01m[Kcc1plus:[m[K [01;35m[Kwarning: [m[K/usr/lib/x86_64-linux-gnu/libopencv_xphoto.so.4.2.0: not a directory
[01m[Kcc1plus:[m[K [01;35m[Kwarning: [m[K/usr/lib/x86_64-linux-gnu/libopencv_xphoto.so.4.2.0: not a directory
[01m[Kcc1plus:[m[K [01;35m[Kwarning: [m[K/usr/lib/x86_64-linux-gnu/libopencv_core.so.4.2.0: not a directory
[01m[Kcc1plus:[m[K [01;35m[Kwarning: [m[K/usr/lib/x86_64-linux-gnu/libopencv_core.so.4.2.0: not a directory
[01m[Kcc1plus:[m[K [01;35m[Kwarning: [m[K/usr/lib/x86_64-linux-gnu/libopencv_imgproc.so.4.2.0: not a directory
[01m[Kcc1plus:[m[K [01;35m[Kwarning: [m[K/usr/lib/x86_64-linux-gnu/libopencv_imgproc.so.4.2.0: not a directory
[01m[Kcc1plus:[m[K [01;35m[Kwarning: [m[K/usr/lib/x86_64-linux-gnu/libopencv_imgcodecs.so.4.2.0: not a directory
[01m[Kcc1plus:[m[K [01;35m[Kwarning: [m[K/usr/lib/x86_64-linux-gnu/libopencv_imgcodecs.so.4.2.0: not a directory
[01m[Kcc1plus:[m[K [01;35m[Kwarning: [m[K/opt/ros/noetic/lib/libimage_transport.so: not a directory
[01m[Kcc1plus:[m[K [01;35m[Kwarning: [m[K/opt/ros/noetic/lib/libimage_transport.so: not a directory
[01m[Kcc1plus:[m[K [01;35m[Kwarning: [m[K/opt/ros/noetic/lib/libmessage_filters.so: not a directory
[01m[Kcc1plus:[m[K [01;35m[Kwarning: [m[K/opt/ros/noetic/lib/libmessage_filters.so: not a directory
[01m[Kcc1plus:[m[K [01;35m[Kwarning: [m[K/opt/ros/noetic/lib/libclass_loader.so: not a directory
[01m[Kcc1plus:[m[K [01;35m[Kwarning: [m[K/opt/ros/noetic/lib/libclass_loader.so: not a directory
[01m[Kcc1plus:[m[K [01;35m[Kwarning: [m[K/usr/lib/x86_64-linux-gnu/libPocoFoundation.so: not a directory
[01m[Kcc1plus:[m[K [01;35m[Kwarning: [m[K/usr/lib/x86_64-linux-gnu/libPocoFoundation.so: not a directory
[01m[Kcc1plus:[m[K [01;35m[Kwarning: [m[K/usr/lib/x86_64-linux-gnu/libdl.so: not a directory
[01m[Kcc1plus:[m[K [01;35m[Kwarning: [m[K/usr/lib/x86_64-linux-gnu/libdl.so: not a directory
[01m[Kcc1plus:[m[K [01;35m[Kwarning: [m[K/opt/ros/noetic/lib/libroscpp.so: not a directory
[01m[Kcc1plus:[m[K [01;35m[Kwarning: [m[K/opt/ros/noetic/lib/libroscpp.so: not a directory
[01m[Kcc1plus:[m[K [01;35m[Kwarning: [m[K/usr/lib/x86_64-linux-gnu/libpthread.so: not a directory
[01m[Kcc1plus:[m[K [01;35m[Kwarning: [m[K/usr/lib/x86_64-linux-gnu/libpthread.so: not a directory
[01m[Kcc1plus:[m[K [01;35m[Kwarning: [m[K/usr/lib/x86_64-linux-gnu/libboost_chrono.so.1.71.0: not a directory
[01m[Kcc1plus:[m[K [01;35m[Kwarning: [m[K/usr/lib/x86_64-linux-gnu/libboost_chrono.so.1.71.0: not a directory
[01m[Kcc1plus:[m[K [01;35m[Kwarning: [m[K/opt/ros/noetic/lib/librosconsole.so: not a directory
[01m[Kcc1plus:[m[K [01;35m[Kwarning: [m[K/opt/ros/noetic/lib/librosconsole.so: not a directory
[01m[Kcc1plus:[m[K [01;35m[Kwarning: [m[K/opt/ros/noetic/lib/librosconsole_log4cxx.so: not a directory
[01m[Kcc1plus:[m[K [01;35m[Kwarning: [m[K/opt/ros/noetic/lib/librosconsole_log4cxx.so: not a directory
[01m[Kcc1plus:[m[K [01;35m[Kwarning: [m[K/opt/ros/noetic/lib/librosconsole_backend_interface.so: not a directory
[01m[Kcc1plus:[m[K [01;35m[Kwarning: [m[K/opt/ros/noetic/lib/librosconsole_backend_interface.so: not a directory
[01m[Kcc1plus:[m[K [01;35m[Kwarning: [m[K/usr/lib/x86_64-linux-gnu/liblog4cxx.so: not a directory
[01m[Kcc1plus:[m[K [01;35m[Kwarning: [m[K/usr/lib/x86_64-linux-gnu/liblog4cxx.so: not a directory
[01m[Kcc1plus:[m[K [01;35m[Kwarning: [m[K/usr/lib/x86_64-linux-gnu/libboost_regex.so.1.71.0: not a directory
[01m[Kcc1plus:[m[K [01;35m[Kwarning: [m[K/usr/lib/x86_64-linux-gnu/libboost_regex.so.1.71.0: not a directory
[01m[Kcc1plus:[m[K [01;35m[Kwarning: [m[K/opt/ros/noetic/lib/libxmlrpcpp.so: not a directory
[01m[Kcc1plus:[m[K [01;35m[Kwarning: [m[K/opt/ros/noetic/lib/libxmlrpcpp.so: not a directory
[01m[Kcc1plus:[m[K [01;35m[Kwarning: [m[K/opt/ros/noetic/lib/libroslib.so: not a directory
[01m[Kcc1plus:[m[K [01;35m[Kwarning: [m[K/opt/ros/noetic/lib/libroslib.so: not a directory
[01m[Kcc1plus:[m[K [01;35m[Kwarning: [m[K/opt/ros/noetic/lib/librospack.so: not a directory
[01m[Kcc1plus:[m[K [01;35m[Kwarning: [m[K/opt/ros/noetic/lib/librospack.so: not a directory
[01m[Kcc1plus:[m[K [01;35m[Kwarning: [m[K/usr/lib/x86_64-linux-gnu/libpython3.8.so: not a directory
[01m[Kcc1plus:[m[K [01;35m[Kwarning: [m[K/usr/lib/x86_64-linux-gnu/libpython3.8.so: not a directory
[01m[Kcc1plus:[m[K [01;35m[Kwarning: [m[K/usr/lib/x86_64-linux-gnu/libboost_filesystem.so.1.71.0: not a directory
[01m[Kcc1plus:[m[K [01;35m[Kwarning: [m[K/usr/lib/x86_64-linux-gnu/libboost_filesystem.so.1.71.0: not a directory
[01m[Kcc1plus:[m[K [01;35m[Kwarning: [m[K/usr/lib/x86_64-linux-gnu/libboost_program_options.so.1.71.0: not a directory
[01m[Kcc1plus:[m[K [01;35m[Kwarning: [m[K/usr/lib/x86_64-linux-gnu/libboost_program_options.so.1.71.0: not a directory
[01m[Kcc1plus:[m[K [01;35m[Kwarning: [m[K/usr/lib/x86_64-linux-gnu/libtinyxml2.so: not a directory
[01m[Kcc1plus:[m[K [01;35m[Kwarning: [m[K/usr/lib/x86_64-linux-gnu/libtinyxml2.so: not a directory
[01m[Kcc1plus:[m[K [01;35m[Kwarning: [m[K/opt/ros/noetic/lib/libroscpp_serialization.so: not a directory
[01m[Kcc1plus:[m[K [01;35m[Kwarning: [m[K/opt/ros/noetic/lib/libroscpp_serialization.so: not a directory
[01m[Kcc1plus:[m[K [01;35m[Kwarning: [m[K/opt/ros/noetic/lib/librostime.so: not a directory
[01m[Kcc1plus:[m[K [01;35m[Kwarning: [m[K/opt/ros/noetic/lib/librostime.so: not a directory
[01m[Kcc1plus:[m[K [01;35m[Kwarning: [m[K/usr/lib/x86_64-linux-gnu/libboost_date_time.so.1.71.0: not a directory
[01m[Kcc1plus:[m[K [01;35m[Kwarning: [m[K/usr/lib/x86_64-linux-gnu/libboost_date_time.so.1.71.0: not a directory
[01m[Kcc1plus:[m[K [01;35m[Kwarning: [m[K/opt/ros/noetic/lib/libcpp_common.so: not a directory
[01m[Kcc1plus:[m[K [01;35m[Kwarning: [m[K/opt/ros/noetic/lib/libcpp_common.so: not a directory
[01m[Kcc1plus:[m[K [01;35m[Kwarning: [m[K/usr/lib/x86_64-linux-gnu/libboost_system.so.1.71.0: not a directory
[01m[Kcc1plus:[m[K [01;35m[Kwarning: [m[K/usr/lib/x86_64-linux-gnu/libboost_system.so.1.71.0: not a directory
[01m[Kcc1plus:[m[K [01;35m[Kwarning: [m[K/usr/lib/x86_64-linux-gnu/libboost_thread.so.1.71.0: not a directory
[01m[Kcc1plus:[m[K [01;35m[Kwarning: [m[K/usr/lib/x86_64-linux-gnu/libboost_thread.so.1.71.0: not a directory
[01m[Kcc1plus:[m[K [01;35m[Kwarning: [m[K/usr/lib/x86_64-linux-gnu/libconsole_bridge.so.0.4: not a directory
[01m[Kcc1plus:[m[K [01;35m[Kwarning: [m[K/usr/lib/x86_64-linux-gnu/libconsole_bridge.so.0.4: not a directory
[01m[K/home/mwr/tracking/src/multi_robot_tracking/src/phd_filter.cpp:21:8:[m[K [01;35m[Kwarning: [m[Kextra tokens at end of #endif directive [[01;35m[K-Wendif-labels[m[K]
 #endif [01;35m[KTIMING[m[K
        [01;35m[K^~~~~~[m[K
In file included from [01m[K/home/mwr/tracking/src/multi_robot_tracking/src/phd_filter.cpp:3[m[K:
[01m[K/home/mwr/tracking/src/multi_robot_tracking/include/multi_robot_tracking/PhdFilter.h:59:22:[m[K [01;31m[Kerror: [m[K‘[01m[Kdeque[m[K’ is not a member of ‘[01m[Kstd[m[K’
     std::vector<std::[01;31m[Kdeque[m[K<Eigen::Vector2f>> velocity_history;  // 每个目标的速度历史
                      [01;31m[K^~~~~[m[K
[01m[K/home/mwr/tracking/src/multi_robot_tracking/include/multi_robot_tracking/PhdFilter.h:59:22:[m[K [01;36m[Knote: [m[K‘[01m[Kstd::deque[m[K’ is defined in header ‘[01m[K<deque>[m[K’; did you forget to ‘[01m[K#include <deque>[m[K’?
[01m[K/home/mwr/tracking/src/multi_robot_tracking/include/multi_robot_tracking/PhdFilter.h:21:1:[m[K
+[32m[K#include <deque>[m[K
 #include <iostream>
[01m[K/home/mwr/tracking/src/multi_robot_tracking/include/multi_robot_tracking/PhdFilter.h:59:22:[m[K
     std::vector<std::[01;36m[Kdeque[m[K<Eigen::Vector2f>> velocity_history;  // 每个目标的速度历史
                      [01;36m[K^~~~~[m[K
[01m[K/home/mwr/tracking/src/multi_robot_tracking/include/multi_robot_tracking/PhdFilter.h:59:22:[m[K [01;31m[Kerror: [m[K‘[01m[Kdeque[m[K’ is not a member of ‘[01m[Kstd[m[K’
[01m[K/home/mwr/tracking/src/multi_robot_tracking/include/multi_robot_tracking/PhdFilter.h:59:22:[m[K [01;36m[Knote: [m[K‘[01m[Kstd::deque[m[K’ is defined in header ‘[01m[K<deque>[m[K’; did you forget to ‘[01m[K#include <deque>[m[K’?
[01m[K/home/mwr/tracking/src/multi_robot_tracking/include/multi_robot_tracking/PhdFilter.h:59:35:[m[K [01;31m[Kerror: [m[Ktemplate argument 1 is invalid
     std::vector<std::deque<Eigen::[01;31m[KVector2f[m[K>> velocity_history;  // 每个目标的速度历史
                                   [01;31m[K^~~~~~~~[m[K
[01m[K/home/mwr/tracking/src/multi_robot_tracking/include/multi_robot_tracking/PhdFilter.h:59:35:[m[K [01;31m[Kerror: [m[Ktemplate argument 2 is invalid
[01m[K/home/mwr/tracking/src/multi_robot_tracking/include/multi_robot_tracking/PhdFilter.h:59:43:[m[K [01;31m[Kerror: [m[Kexpected unqualified-id before ‘[01m[K>[m[K’ token
     std::vector<std::deque<Eigen::Vector2f[01;31m[K>>[m[K velocity_history;  // 每个目标的速度历史
                                           [01;31m[K^~[m[K
[01m[K/home/mwr/tracking/src/multi_robot_tracking/include/multi_robot_tracking/PhdFilter.h:60:22:[m[K [01;31m[Kerror: [m[K‘[01m[Kdeque[m[K’ is not a member of ‘[01m[Kstd[m[K’
     std::vector<std::[01;31m[Kdeque[m[K<Eigen::Vector2f>> position_history;  // 每个目标的位置历史
                      [01;31m[K^~~~~[m[K
[01m[K/home/mwr/tracking/src/multi_robot_tracking/include/multi_robot_tracking/PhdFilter.h:60:22:[m[K [01;36m[Knote: [m[K‘[01m[Kstd::deque[m[K’ is defined in header ‘[01m[K<deque>[m[K’; did you forget to ‘[01m[K#include <deque>[m[K’?
[01m[K/home/mwr/tracking/src/multi_robot_tracking/include/multi_robot_tracking/PhdFilter.h:60:22:[m[K [01;31m[Kerror: [m[K‘[01m[Kdeque[m[K’ is not a member of ‘[01m[Kstd[m[K’
[01m[K/home/mwr/tracking/src/multi_robot_tracking/include/multi_robot_tracking/PhdFilter.h:60:22:[m[K [01;36m[Knote: [m[K‘[01m[Kstd::deque[m[K’ is defined in header ‘[01m[K<deque>[m[K’; did you forget to ‘[01m[K#include <deque>[m[K’?
[01m[K/home/mwr/tracking/src/multi_robot_tracking/include/multi_robot_tracking/PhdFilter.h:60:35:[m[K [01;31m[Kerror: [m[Ktemplate argument 1 is invalid
     std::vector<std::deque<Eigen::[01;31m[KVector2f[m[K>> position_history;  // 每个目标的位置历史
                                   [01;31m[K^~~~~~~~[m[K
[01m[K/home/mwr/tracking/src/multi_robot_tracking/include/multi_robot_tracking/PhdFilter.h:60:35:[m[K [01;31m[Kerror: [m[Ktemplate argument 2 is invalid
[01m[K/home/mwr/tracking/src/multi_robot_tracking/include/multi_robot_tracking/PhdFilter.h:60:43:[m[K [01;31m[Kerror: [m[Kexpected unqualified-id before ‘[01m[K>[m[K’ token
     std::vector<std::deque<Eigen::Vector2f[01;31m[K>>[m[K position_history;  // 每个目标的位置历史
                                           [01;31m[K^~[m[K
[01m[K/home/mwr/tracking/src/multi_robot_tracking/src/phd_filter.cpp:[m[K In function ‘[01m[Kvoid initialize_velocity_history()[m[K’:
[01m[K/home/mwr/tracking/src/multi_robot_tracking/src/phd_filter.cpp:77:9:[m[K [01;31m[Kerror: [m[K‘[01m[Kvelocity_history[m[K’ was not declared in this scope
         [01;31m[Kvelocity_history[m[K.resize(NUM_DRONES);
         [01;31m[K^~~~~~~~~~~~~~~~[m[K
[01m[K/home/mwr/tracking/src/multi_robot_tracking/src/phd_filter.cpp:77:9:[m[K [01;36m[Knote: [m[Ksuggested alternative: ‘[01m[Kinitialize_velocity_history[m[K’
         [01;36m[Kvelocity_history[m[K.resize(NUM_DRONES);
         [01;36m[K^~~~~~~~~~~~~~~~[m[K
         [32m[Kinitialize_velocity_history[m[K
[01m[K/home/mwr/tracking/src/multi_robot_tracking/src/phd_filter.cpp:77:33:[m[K [01;31m[Kerror: [m[K‘[01m[KNUM_DRONES[m[K’ was not declared in this scope
         velocity_history.resize([01;31m[KNUM_DRONES[m[K);
                                 [01;31m[K^~~~~~~~~~[m[K
[01m[K/home/mwr/tracking/src/multi_robot_tracking/src/phd_filter.cpp:78:9:[m[K [01;31m[Kerror: [m[K‘[01m[Kposition_history[m[K’ was not declared in this scope
         [01;31m[Kposition_history[m[K.resize(NUM_DRONES);
         [01;31m[K^~~~~~~~~~~~~~~~[m[K
[01m[K/home/mwr/tracking/src/multi_robot_tracking/src/phd_filter.cpp:[m[K In function ‘[01m[Kvoid update_velocity_history()[m[K’:
[01m[K/home/mwr/tracking/src/multi_robot_tracking/src/phd_filter.cpp:83:28:[m[K [01;31m[Kerror: [m[K‘[01m[KNUM_DRONES[m[K’ was not declared in this scope
         for(int i = 0; i < [01;31m[KNUM_DRONES[m[K; i++) {
                            [01;31m[K^~~~~~~~~~[m[K
[01m[K/home/mwr/tracking/src/multi_robot_tracking/src/phd_filter.cpp:84:16:[m[K [01;31m[Kerror: [m[K‘[01m[Kwk_bar_display[m[K’ was not declared in this scope
             if([01;31m[Kwk_bar_display[m[K(i) > 0.3f) {  // 只有权重足够高的目标才记录历史
                [01;31m[K^~~~~~~~~~~~~~[m[K
[01m[K/home/mwr/tracking/src/multi_robot_tracking/src/phd_filter.cpp:85:45:[m[K [01;31m[Kerror: [m[K‘[01m[Kmk_bar_display[m[K’ was not declared in this scope
                 Eigen::Vector2f current_vel([01;31m[Kmk_bar_display[m[K(1,i), mk_bar_display(3,i));
                                             [01;31m[K^~~~~~~~~~~~~~[m[K
[01m[K/home/mwr/tracking/src/multi_robot_tracking/src/phd_filter.cpp:88:17:[m[K [01;31m[Kerror: [m[K‘[01m[Kvelocity_history[m[K’ was not declared in this scope
                 [01;31m[Kvelocity_history[m[K[i].push_back(current_vel);
                 [01;31m[K^~~~~~~~~~~~~~~~[m[K
[01m[K/home/mwr/tracking/src/multi_robot_tracking/src/phd_filter.cpp:88:17:[m[K [01;36m[Knote: [m[Ksuggested alternative: ‘[01m[Kupdate_velocity_history[m[K’
                 [01;36m[Kvelocity_history[m[K[i].push_back(current_vel);
                 [01;36m[K^~~~~~~~~~~~~~~~[m[K
                 [32m[Kupdate_velocity_history[m[K
[01m[K/home/mwr/tracking/src/multi_robot_tracking/src/phd_filter.cpp:89:17:[m[K [01;31m[Kerror: [m[K‘[01m[Kposition_history[m[K’ was not declared in this scope
                 [01;31m[Kposition_history[m[K[i].push_back(current_pos);
                 [01;31m[K^~~~~~~~~~~~~~~~[m[K
In file included from [01m[K/home/mwr/tracking/src/multi_robot_tracking/src/multi_robot_tracking_nodelet.cpp:18[m[K:
[01m[K/home/mwr/tracking/src/multi_robot_tracking/include/multi_robot_tracking/PhdFilter.h:59:22:[m[K [01;31m[Kerror: [m[K‘[01m[Kdeque[m[K’ is not a member of ‘[01m[Kstd[m[K’
     std::vector<std::[01;31m[Kdeque[m[K<Eigen::Vector2f>> velocity_history;  // 每个目标的速度历史
                      [01;31m[K^~~~~[m[K
[01m[K/home/mwr/tracking/src/multi_robot_tracking/include/multi_robot_tracking/PhdFilter.h:59:22:[m[K [01;36m[Knote: [m[K‘[01m[Kstd::deque[m[K’ is defined in header ‘[01m[K<deque>[m[K’; did you forget to ‘[01m[K#include <deque>[m[K’?
[01m[K/home/mwr/tracking/src/multi_robot_tracking/include/multi_robot_tracking/PhdFilter.h:21:1:[m[K
+[32m[K#include <deque>[m[K
 #include <iostream>
[01m[K/home/mwr/tracking/src/multi_robot_tracking/include/multi_robot_tracking/PhdFilter.h:59:22:[m[K
     std::vector<std::[01;36m[Kdeque[m[K<Eigen::Vector2f>> velocity_history;  // 每个目标的速度历史
                      [01;36m[K^~~~~[m[K
[01m[K/home/mwr/tracking/src/multi_robot_tracking/include/multi_robot_tracking/PhdFilter.h:59:22:[m[K [01;31m[Kerror: [m[K‘[01m[Kdeque[m[K’ is not a member of ‘[01m[Kstd[m[K’
[01m[K/home/mwr/tracking/src/multi_robot_tracking/include/multi_robot_tracking/PhdFilter.h:59:22:[m[K [01;36m[Knote: [m[K‘[01m[Kstd::deque[m[K’ is defined in header ‘[01m[K<deque>[m[K’; did you forget to ‘[01m[K#include <deque>[m[K’?
[01m[K/home/mwr/tracking/src/multi_robot_tracking/include/multi_robot_tracking/PhdFilter.h:59:35:[m[K [01;31m[Kerror: [m[Ktemplate argument 1 is invalid
     std::vector<std::deque<Eigen::[01;31m[KVector2f[m[K>> velocity_history;  // 每个目标的速度历史
                                   [01;31m[K^~~~~~~~[m[K
[01m[K/home/mwr/tracking/src/multi_robot_tracking/include/multi_robot_tracking/PhdFilter.h:59:35:[m[K [01;31m[Kerror: [m[Ktemplate argument 2 is invalid
[01m[K/home/mwr/tracking/src/multi_robot_tracking/include/multi_robot_tracking/PhdFilter.h:59:43:[m[K [01;31m[Kerror: [m[Kexpected unqualified-id before ‘[01m[K>[m[K’ token
     std::vector<std::deque<Eigen::Vector2f[01;31m[K>>[m[K velocity_history;  // 每个目标的速度历史
                                           [01;31m[K^~[m[K
[01m[K/home/mwr/tracking/src/multi_robot_tracking/include/multi_robot_tracking/PhdFilter.h:60:22:[m[K [01;31m[Kerror: [m[K‘[01m[Kdeque[m[K’ is not a member of ‘[01m[Kstd[m[K’
     std::vector<std::[01;31m[Kdeque[m[K<Eigen::Vector2f>> position_history;  // 每个目标的位置历史
                      [01;31m[K^~~~~[m[K
[01m[K/home/mwr/tracking/src/multi_robot_tracking/include/multi_robot_tracking/PhdFilter.h:60:22:[m[K [01;36m[Knote: [m[K‘[01m[Kstd::deque[m[K’ is defined in header ‘[01m[K<deque>[m[K’; did you forget to ‘[01m[K#include <deque>[m[K’?
[01m[K/home/mwr/tracking/src/multi_robot_tracking/include/multi_robot_tracking/PhdFilter.h:60:22:[m[K [01;31m[Kerror: [m[K‘[01m[Kdeque[m[K’ is not a member of ‘[01m[Kstd[m[K’
[01m[K/home/mwr/tracking/src/multi_robot_tracking/include/multi_robot_tracking/PhdFilter.h:60:22:[m[K [01;36m[Knote: [m[K‘[01m[Kstd::deque[m[K’ is defined in header ‘[01m[K<deque>[m[K’; did you forget to ‘[01m[K#include <deque>[m[K’?
[01m[K/home/mwr/tracking/src/multi_robot_tracking/include/multi_robot_tracking/PhdFilter.h:60:35:[m[K [01;31m[Kerror: [m[Ktemplate argument 1 is invalid
     std::vector<std::deque<Eigen::[01;31m[KVector2f[m[K>> position_history;  // 每个目标的位置历史
                                   [01;31m[K^~~~~~~~[m[K
[01m[K/home/mwr/tracking/src/multi_robot_tracking/include/multi_robot_tracking/PhdFilter.h:60:35:[m[K [01;31m[Kerror: [m[Ktemplate argument 2 is invalid
[01m[K/home/mwr/tracking/src/multi_robot_tracking/include/multi_robot_tracking/PhdFilter.h:60:43:[m[K [01;31m[Kerror: [m[Kexpected unqualified-id before ‘[01m[K>[m[K’ token
     std::vector<std::deque<Eigen::Vector2f[01;31m[K>>[m[K position_history;  // 每个目标的位置历史
                                           [01;31m[K^~[m[K
[01m[K/home/mwr/tracking/src/multi_robot_tracking/src/phd_filter.cpp:92:49:[m[K [01;31m[Kerror: [m[K‘[01m[KHISTORY_SIZE[m[K’ was not declared in this scope
                 if(velocity_history[i].size() > [01;31m[KHISTORY_SIZE[m[K) {
                                                 [01;31m[K^~~~~~~~~~~~[m[K
[01m[K/home/mwr/tracking/src/multi_robot_tracking/src/phd_filter.cpp:95:49:[m[K [01;31m[Kerror: [m[K‘[01m[KHISTORY_SIZE[m[K’ was not declared in this scope
                 if(position_history[i].size() > [01;31m[KHISTORY_SIZE[m[K) {
                                                 [01;31m[K^~~~~~~~~~~~[m[K
[01m[K/home/mwr/tracking/src/multi_robot_tracking/src/phd_filter.cpp:100:17:[m[K [01;31m[Kerror: [m[K‘[01m[Kvelocity_history[m[K’ was not declared in this scope
                 [01;31m[Kvelocity_history[m[K[i].clear();
                 [01;31m[K^~~~~~~~~~~~~~~~[m[K
[01m[K/home/mwr/tracking/src/multi_robot_tracking/src/phd_filter.cpp:100:17:[m[K [01;36m[Knote: [m[Ksuggested alternative: ‘[01m[Kupdate_velocity_history[m[K’
                 [01;36m[Kvelocity_history[m[K[i].clear();
                 [01;36m[K^~~~~~~~~~~~~~~~[m[K
                 [32m[Kupdate_velocity_history[m[K
[01m[K/home/mwr/tracking/src/multi_robot_tracking/src/phd_filter.cpp:101:17:[m[K [01;31m[Kerror: [m[K‘[01m[Kposition_history[m[K’ was not declared in this scope
                 [01;31m[Kposition_history[m[K[i].clear();
                 [01;31m[K^~~~~~~~~~~~~~~~[m[K
[01m[K/home/mwr/tracking/src/multi_robot_tracking/src/phd_filter.cpp:[m[K In function ‘[01m[Kfloat calculate_velocity_consistency(int, const Vector2f&)[m[K’:
[01m[K/home/mwr/tracking/src/multi_robot_tracking/src/phd_filter.cpp:108:12:[m[K [01;31m[Kerror: [m[K‘[01m[Kvelocity_history[m[K’ was not declared in this scope
         if([01;31m[Kvelocity_history[m[K[target_id].size() < 2) {
            [01;31m[K^~~~~~~~~~~~~~~~[m[K
[01m[K/home/mwr/tracking/src/multi_robot_tracking/src/phd_filter.cpp:108:12:[m[K [01;36m[Knote: [m[Ksuggested alternative: ‘[01m[Kupdate_velocity_history[m[K’
         if([01;36m[Kvelocity_history[m[K[target_id].size() < 2) {
            [01;36m[K^~~~~~~~~~~~~~~~[m[K
            [32m[Kupdate_velocity_history[m[K
[01m[K/home/mwr/tracking/src/multi_robot_tracking/src/phd_filter.cpp:117:28:[m[K [01;31m[Kerror: [m[K‘[01m[Kvelocity_history[m[K’ was not declared in this scope
         for(int i = 0; i < [01;31m[Kvelocity_history[m[K[target_id].size(); i++) {
                            [01;31m[K^~~~~~~~~~~~~~~~[m[K
[01m[K/home/mwr/tracking/src/multi_robot_tracking/src/phd_filter.cpp:117:28:[m[K [01;36m[Knote: [m[Ksuggested alternative: ‘[01m[Kupdate_velocity_history[m[K’
         for(int i = 0; i < [01;36m[Kvelocity_history[m[K[target_id].size(); i++) {
                            [01;36m[K^~~~~~~~~~~~~~~~[m[K
                            [32m[Kupdate_velocity_history[m[K
[01m[K/home/mwr/tracking/src/multi_robot_tracking/src/phd_filter.cpp:[m[K In function ‘[01m[Kfloat calculate_position_consistency(int, const Vector2f&)[m[K’:
[01m[K/home/mwr/tracking/src/multi_robot_tracking/src/phd_filter.cpp:147:12:[m[K [01;31m[Kerror: [m[K‘[01m[Kposition_history[m[K’ was not declared in this scope
         if([01;31m[Kposition_history[m[K[target_id].size() < 2) {
            [01;31m[K^~~~~~~~~~~~~~~~[m[K
[01m[K/home/mwr/tracking/src/multi_robot_tracking/src/phd_filter.cpp:152:46:[m[K [01;31m[Kerror: [m[K‘[01m[Kpredict_position[m[K’ was not declared in this scope
         Eigen::Vector2f predicted_position = [01;31m[Kpredict_position[m[K(target_id);
                                              [01;31m[K^~~~~~~~~~~~~~~~[m[K
[01m[K/home/mwr/tracking/src/multi_robot_tracking/src/phd_filter.cpp:152:46:[m[K [01;36m[Knote: [m[Ksuggested alternative: ‘[01m[Kpredicted_position[m[K’
         Eigen::Vector2f predicted_position = [01;36m[Kpredict_position[m[K(target_id);
                                              [01;36m[K^~~~~~~~~~~~~~~~[m[K
                                              [32m[Kpredicted_position[m[K
[01m[K/home/mwr/tracking/src/multi_robot_tracking/src/phd_filter.cpp:[m[K In function ‘[01m[KEigen::Vector2f predict_position(int)[m[K’:
[01m[K/home/mwr/tracking/src/multi_robot_tracking/src/phd_filter.cpp:164:12:[m[K [01;31m[Kerror: [m[K‘[01m[Kposition_history[m[K’ was not declared in this scope
         if([01;31m[Kposition_history[m[K[target_id].size() < 2) {
            [01;31m[K^~~~~~~~~~~~~~~~[m[K
[01m[K/home/mwr/tracking/src/multi_robot_tracking/src/phd_filter.cpp:169:43:[m[K [01;31m[Kerror: [m[K‘[01m[Kposition_history[m[K’ was not declared in this scope
         const Eigen::Vector2f& last_pos = [01;31m[Kposition_history[m[K[target_id].back();
                                           [01;31m[K^~~~~~~~~~~~~~~~[m[K
make[2]: *** [CMakeFiles/multi_robot_tracking.dir/build.make:141：CMakeFiles/multi_robot_tracking.dir/src/multi_robot_tracking_nodelet.cpp.o] 错误 1
make[2]: *** 正在等待未完成的任务....
make[2]: *** [CMakeFiles/multi_robot_tracking.dir/build.make:115：CMakeFiles/multi_robot_tracking.dir/src/phd_filter.cpp.o] 错误 1
make[1]: *** [CMakeFiles/Makefile2:261：CMakeFiles/multi_robot_tracking.dir/all] 错误 2
make: *** [Makefile:141：all] 错误 2
