[01m[Kcc1plus:[m[K [01;35m[Kwarning: [m[K/opt/ros/noetic/lib/libnodeletlib.so: not a directory
[01m[Kcc1plus:[m[K [01;35m[Kwarning: [m[K/opt/ros/noetic/lib/libbondcpp.so: not a directory
[01m[Kcc1plus:[m[K [01;35m[Kwarning: [m[K/usr/lib/x86_64-linux-gnu/libuuid.so: not a directory
[01m[Kcc1plus:[m[K [01;35m[Kwarning: [m[K/opt/ros/noetic/lib/libtf.so: not a directory
[01m[Kcc1plus:[m[K [01;35m[Kwarning: [m[K/opt/ros/noetic/lib/libtf2_ros.so: not a directory
[01m[Kcc1plus:[m[K [01;35m[Kwarning: [m[K/opt/ros/noetic/lib/libactionlib.so: not a directory
[01m[Kcc1plus:[m[K [01;35m[Kwarning: [m[K/opt/ros/noetic/lib/libtf2.so: not a directory
[01m[Kcc1plus:[m[K [01;35m[Kwarning: [m[K/opt/ros/noetic/lib/libcv_bridge.so: not a directory
[01m[Kcc1plus:[m[K [01;35m[Kwarning: [m[K/usr/lib/x86_64-linux-gnu/libopencv_calib3d.so.4.2.0: not a directory
[01m[Kcc1plus:[m[K [01;35m[Kwarning: [m[K/usr/lib/x86_64-linux-gnu/libopencv_dnn.so.4.2.0: not a directory
[01m[Kcc1plus:[m[K [01;35m[Kwarning: [m[K/usr/lib/x86_64-linux-gnu/libopencv_features2d.so.4.2.0: not a directory
[01m[Kcc1plus:[m[K [01;35m[Kwarning: [m[K/usr/lib/x86_64-linux-gnu/libopencv_flann.so.4.2.0: not a directory
[01m[Kcc1plus:[m[K [01;35m[Kwarning: [m[K/usr/lib/x86_64-linux-gnu/libopencv_highgui.so.4.2.0: not a directory
[01m[Kcc1plus:[m[K [01;35m[Kwarning: [m[K/usr/lib/x86_64-linux-gnu/libopencv_ml.so.4.2.0: not a directory
[01m[Kcc1plus:[m[K [01;35m[Kwarning: [m[K/usr/lib/x86_64-linux-gnu/libopencv_objdetect.so.4.2.0: not a directory
[01m[Kcc1plus:[m[K [01;35m[Kwarning: [m[K/usr/lib/x86_64-linux-gnu/libopencv_photo.so.4.2.0: not a directory
[01m[Kcc1plus:[m[K [01;35m[Kwarning: [m[K/usr/lib/x86_64-linux-gnu/libopencv_stitching.so.4.2.0: not a directory
[01m[Kcc1plus:[m[K [01;35m[Kwarning: [m[K/usr/lib/x86_64-linux-gnu/libopencv_video.so.4.2.0: not a directory
[01m[Kcc1plus:[m[K [01;35m[Kwarning: [m[K/usr/lib/x86_64-linux-gnu/libopencv_videoio.so.4.2.0: not a directory
[01m[Kcc1plus:[m[K [01;35m[Kwarning: [m[K/usr/lib/x86_64-linux-gnu/libopencv_aruco.so.4.2.0: not a directory
[01m[Kcc1plus:[m[K [01;35m[Kwarning: [m[K/usr/lib/x86_64-linux-gnu/libopencv_bgsegm.so.4.2.0: not a directory
[01m[Kcc1plus:[m[K [01;35m[Kwarning: [m[K/usr/lib/x86_64-linux-gnu/libopencv_bioinspired.so.4.2.0: not a directory
[01m[Kcc1plus:[m[K [01;35m[Kwarning: [m[K/usr/lib/x86_64-linux-gnu/libopencv_ccalib.so.4.2.0: not a directory
[01m[Kcc1plus:[m[K [01;35m[Kwarning: [m[K/usr/lib/x86_64-linux-gnu/libopencv_datasets.so.4.2.0: not a directory
[01m[Kcc1plus:[m[K [01;35m[Kwarning: [m[K/usr/lib/x86_64-linux-gnu/libopencv_dnn_objdetect.so.4.2.0: not a directory
[01m[Kcc1plus:[m[K [01;35m[Kwarning: [m[K/usr/lib/x86_64-linux-gnu/libopencv_dnn_superres.so.4.2.0: not a directory
[01m[Kcc1plus:[m[K [01;35m[Kwarning: [m[K/usr/lib/x86_64-linux-gnu/libopencv_dpm.so.4.2.0: not a directory
[01m[Kcc1plus:[m[K [01;35m[Kwarning: [m[K/usr/lib/x86_64-linux-gnu/libopencv_face.so.4.2.0: not a directory
[01m[Kcc1plus:[m[K [01;35m[Kwarning: [m[K/usr/lib/x86_64-linux-gnu/libopencv_freetype.so.4.2.0: not a directory
[01m[Kcc1plus:[m[K [01;35m[Kwarning: [m[K/usr/lib/x86_64-linux-gnu/libopencv_fuzzy.so.4.2.0: not a directory
[01m[Kcc1plus:[m[K [01;35m[Kwarning: [m[K/usr/lib/x86_64-linux-gnu/libopencv_hdf.so.4.2.0: not a directory
[01m[Kcc1plus:[m[K [01;35m[Kwarning: [m[K/usr/lib/x86_64-linux-gnu/libopencv_hfs.so.4.2.0: not a directory
[01m[Kcc1plus:[m[K [01;35m[Kwarning: [m[K/usr/lib/x86_64-linux-gnu/libopencv_img_hash.so.4.2.0: not a directory
[01m[Kcc1plus:[m[K [01;35m[Kwarning: [m[K/usr/lib/x86_64-linux-gnu/libopencv_line_descriptor.so.4.2.0: not a directory
[01m[Kcc1plus:[m[K [01;35m[Kwarning: [m[K/usr/lib/x86_64-linux-gnu/libopencv_optflow.so.4.2.0: not a directory
[01m[Kcc1plus:[m[K [01;35m[Kwarning: [m[K/usr/lib/x86_64-linux-gnu/libopencv_phase_unwrapping.so.4.2.0: not a directory
[01m[Kcc1plus:[m[K [01;35m[Kwarning: [m[K/usr/lib/x86_64-linux-gnu/libopencv_plot.so.4.2.0: not a directory
[01m[Kcc1plus:[m[K [01;35m[Kwarning: [m[K/usr/lib/x86_64-linux-gnu/libopencv_quality.so.4.2.0: not a directory
[01m[Kcc1plus:[m[K [01;35m[Kwarning: [m[K/usr/lib/x86_64-linux-gnu/libopencv_reg.so.4.2.0: not a directory
[01m[Kcc1plus:[m[K [01;35m[Kwarning: [m[K/usr/lib/x86_64-linux-gnu/libopencv_rgbd.so.4.2.0: not a directory
[01m[Kcc1plus:[m[K [01;35m[Kwarning: [m[K/usr/lib/x86_64-linux-gnu/libopencv_saliency.so.4.2.0: not a directory
[01m[Kcc1plus:[m[K [01;35m[Kwarning: [m[K/usr/lib/x86_64-linux-gnu/libopencv_shape.so.4.2.0: not a directory
[01m[Kcc1plus:[m[K [01;35m[Kwarning: [m[K/usr/lib/x86_64-linux-gnu/libopencv_stereo.so.4.2.0: not a directory
[01m[Kcc1plus:[m[K [01;35m[Kwarning: [m[K/usr/lib/x86_64-linux-gnu/libopencv_structured_light.so.4.2.0: not a directory
[01m[Kcc1plus:[m[K [01;35m[Kwarning: [m[K/usr/lib/x86_64-linux-gnu/libopencv_superres.so.4.2.0: not a directory
[01m[Kcc1plus:[m[K [01;35m[Kwarning: [m[K/usr/lib/x86_64-linux-gnu/libopencv_surface_matching.so.4.2.0: not a directory
[01m[Kcc1plus:[m[K [01;35m[Kwarning: [m[K/usr/lib/x86_64-linux-gnu/libopencv_text.so.4.2.0: not a directory
[01m[Kcc1plus:[m[K [01;35m[Kwarning: [m[K/usr/lib/x86_64-linux-gnu/libopencv_tracking.so.4.2.0: not a directory
[01m[Kcc1plus:[m[K [01;35m[Kwarning: [m[K/usr/lib/x86_64-linux-gnu/libopencv_videostab.so.4.2.0: not a directory
[01m[Kcc1plus:[m[K [01;35m[Kwarning: [m[K/usr/lib/x86_64-linux-gnu/libopencv_viz.so.4.2.0: not a directory
[01m[Kcc1plus:[m[K [01;35m[Kwarning: [m[K/usr/lib/x86_64-linux-gnu/libopencv_ximgproc.so.4.2.0: not a directory
[01m[Kcc1plus:[m[K [01;35m[Kwarning: [m[K/usr/lib/x86_64-linux-gnu/libopencv_xobjdetect.so.4.2.0: not a directory
[01m[Kcc1plus:[m[K [01;35m[Kwarning: [m[K/usr/lib/x86_64-linux-gnu/libopencv_xphoto.so.4.2.0: not a directory
[01m[Kcc1plus:[m[K [01;35m[Kwarning: [m[K/usr/lib/x86_64-linux-gnu/libopencv_core.so.4.2.0: not a directory
[01m[Kcc1plus:[m[K [01;35m[Kwarning: [m[K/usr/lib/x86_64-linux-gnu/libopencv_imgproc.so.4.2.0: not a directory
[01m[Kcc1plus:[m[K [01;35m[Kwarning: [m[K/usr/lib/x86_64-linux-gnu/libopencv_imgcodecs.so.4.2.0: not a directory
[01m[Kcc1plus:[m[K [01;35m[Kwarning: [m[K/opt/ros/noetic/lib/libimage_transport.so: not a directory
[01m[Kcc1plus:[m[K [01;35m[Kwarning: [m[K/opt/ros/noetic/lib/libmessage_filters.so: not a directory
[01m[Kcc1plus:[m[K [01;35m[Kwarning: [m[K/opt/ros/noetic/lib/libclass_loader.so: not a directory
[01m[Kcc1plus:[m[K [01;35m[Kwarning: [m[K/usr/lib/x86_64-linux-gnu/libPocoFoundation.so: not a directory
[01m[Kcc1plus:[m[K [01;35m[Kwarning: [m[K/usr/lib/x86_64-linux-gnu/libdl.so: not a directory
[01m[Kcc1plus:[m[K [01;35m[Kwarning: [m[K/opt/ros/noetic/lib/libroscpp.so: not a directory
[01m[Kcc1plus:[m[K [01;35m[Kwarning: [m[K/usr/lib/x86_64-linux-gnu/libpthread.so: not a directory
[01m[Kcc1plus:[m[K [01;35m[Kwarning: [m[K/usr/lib/x86_64-linux-gnu/libboost_chrono.so.1.71.0: not a directory
[01m[Kcc1plus:[m[K [01;35m[Kwarning: [m[K/opt/ros/noetic/lib/librosconsole.so: not a directory
[01m[Kcc1plus:[m[K [01;35m[Kwarning: [m[K/opt/ros/noetic/lib/librosconsole_log4cxx.so: not a directory
[01m[Kcc1plus:[m[K [01;35m[Kwarning: [m[K/opt/ros/noetic/lib/librosconsole_backend_interface.so: not a directory
[01m[Kcc1plus:[m[K [01;35m[Kwarning: [m[K/usr/lib/x86_64-linux-gnu/liblog4cxx.so: not a directory
[01m[Kcc1plus:[m[K [01;35m[Kwarning: [m[K/usr/lib/x86_64-linux-gnu/libboost_regex.so.1.71.0: not a directory
[01m[Kcc1plus:[m[K [01;35m[Kwarning: [m[K/opt/ros/noetic/lib/libxmlrpcpp.so: not a directory
[01m[Kcc1plus:[m[K [01;35m[Kwarning: [m[K/opt/ros/noetic/lib/libroslib.so: not a directory
[01m[Kcc1plus:[m[K [01;35m[Kwarning: [m[K/opt/ros/noetic/lib/librospack.so: not a directory
[01m[Kcc1plus:[m[K [01;35m[Kwarning: [m[K/usr/lib/x86_64-linux-gnu/libpython3.8.so: not a directory
[01m[Kcc1plus:[m[K [01;35m[Kwarning: [m[K/usr/lib/x86_64-linux-gnu/libboost_filesystem.so.1.71.0: not a directory
[01m[Kcc1plus:[m[K [01;35m[Kwarning: [m[K/usr/lib/x86_64-linux-gnu/libboost_program_options.so.1.71.0: not a directory
[01m[Kcc1plus:[m[K [01;35m[Kwarning: [m[K/usr/lib/x86_64-linux-gnu/libtinyxml2.so: not a directory
[01m[Kcc1plus:[m[K [01;35m[Kwarning: [m[K/opt/ros/noetic/lib/libroscpp_serialization.so: not a directory
[01m[Kcc1plus:[m[K [01;35m[Kwarning: [m[K/opt/ros/noetic/lib/librostime.so: not a directory
[01m[Kcc1plus:[m[K [01;35m[Kwarning: [m[K/usr/lib/x86_64-linux-gnu/libboost_date_time.so.1.71.0: not a directory
[01m[Kcc1plus:[m[K [01;35m[Kwarning: [m[K/opt/ros/noetic/lib/libcpp_common.so: not a directory
[01m[Kcc1plus:[m[K [01;35m[Kwarning: [m[K/usr/lib/x86_64-linux-gnu/libboost_system.so.1.71.0: not a directory
[01m[Kcc1plus:[m[K [01;35m[Kwarning: [m[K/usr/lib/x86_64-linux-gnu/libboost_thread.so.1.71.0: not a directory
[01m[Kcc1plus:[m[K [01;35m[Kwarning: [m[K/usr/lib/x86_64-linux-gnu/libconsole_bridge.so.0.4: not a directory
[01m[K/home/mwr/tracking/src/multi_robot_tracking/src/multi_robot_tracking_nodelet.cpp:266:5:[m[K [01;31m[Kerror: [m[Kno declaration matches ‘[01m[Kint multi_robot_tracking_Nodelet::find_available_id(float, float)[m[K’
 int [01;31m[Kmulti_robot_tracking_Nodelet[m[K::find_available_id(float x, float y) {  //为新目标寻找可用ID
     [01;31m[K^~~~~~~~~~~~~~~~~~~~~~~~~~~~[m[K
[01m[K/home/mwr/tracking/src/multi_robot_tracking/src/multi_robot_tracking_nodelet.cpp:266:5:[m[K [01;36m[Knote: [m[Kno functions named ‘[01m[Kint multi_robot_tracking_Nodelet::find_available_id(float, float)[m[K’
[01m[K/home/mwr/tracking/src/multi_robot_tracking/src/multi_robot_tracking_nodelet.cpp:39:7:[m[K [01;36m[Knote: [m[K‘[01m[Kclass multi_robot_tracking_Nodelet[m[K’ defined here
 class [01;36m[Kmulti_robot_tracking_Nodelet[m[K : public nodelet::Nodelet
       [01;36m[K^~~~~~~~~~~~~~~~~~~~~~~~~~~~[m[K
[01m[K/home/mwr/tracking/src/multi_robot_tracking/src/multi_robot_tracking_nodelet.cpp:[m[K In member function ‘[01m[Kvoid multi_robot_tracking_Nodelet::detection_Callback(const PoseArray&)[m[K’:
[01m[K/home/mwr/tracking/src/multi_robot_tracking/src/multi_robot_tracking_nodelet.cpp:1227:13:[m[K [01;31m[Kerror: [m[K‘[01m[Kprocess_new_detections[m[K’ was not declared in this scope
             [01;31m[Kprocess_new_detections[m[K();
             [01;31m[K^~~~~~~~~~~~~~~~~~~~~~[m[K
[01m[K/home/mwr/tracking/src/multi_robot_tracking/src/multi_robot_tracking_nodelet.cpp:1230:13:[m[K [01;31m[Kerror: [m[K‘[01m[Kupdate_id_consensus_from_status[m[K’ was not declared in this scope
             [01;31m[Kupdate_id_consensus_from_status[m[K();
             [01;31m[K^~~~~~~~~~~~~~~~~~~~~~~~~~~~~~~[m[K
[01m[K/home/mwr/tracking/src/multi_robot_tracking/src/multi_robot_tracking_nodelet.cpp:1230:13:[m[K [01;36m[Knote: [m[Ksuggested alternative: ‘[01m[Kupdate_id_status_matrix[m[K’
             [01;36m[Kupdate_id_consensus_from_status[m[K();
             [01;36m[K^~~~~~~~~~~~~~~~~~~~~~~~~~~~~~~[m[K
             [32m[Kupdate_id_status_matrix[m[K
[01m[K/home/mwr/tracking/src/multi_robot_tracking/src/multi_robot_tracking_nodelet.cpp:[m[K At global scope:
[01m[K/home/mwr/tracking/src/multi_robot_tracking/src/multi_robot_tracking_nodelet.cpp:1573:6:[m[K [01;31m[Kerror: [m[Kno declaration matches ‘[01m[Kvoid multi_robot_tracking_Nodelet::process_new_detections()[m[K’
 void [01;31m[Kmulti_robot_tracking_Nodelet[m[K::process_new_detections() {
      [01;31m[K^~~~~~~~~~~~~~~~~~~~~~~~~~~~[m[K
[01m[K/home/mwr/tracking/src/multi_robot_tracking/src/multi_robot_tracking_nodelet.cpp:1573:6:[m[K [01;36m[Knote: [m[Kno functions named ‘[01m[Kvoid multi_robot_tracking_Nodelet::process_new_detections()[m[K’
[01m[K/home/mwr/tracking/src/multi_robot_tracking/src/multi_robot_tracking_nodelet.cpp:39:7:[m[K [01;36m[Knote: [m[K‘[01m[Kclass multi_robot_tracking_Nodelet[m[K’ defined here
 class [01;36m[Kmulti_robot_tracking_Nodelet[m[K : public nodelet::Nodelet
       [01;36m[K^~~~~~~~~~~~~~~~~~~~~~~~~~~~[m[K
[01m[K/home/mwr/tracking/src/multi_robot_tracking/src/multi_robot_tracking_nodelet.cpp:1578:6:[m[K [01;31m[Kerror: [m[Kno declaration matches ‘[01m[Kvoid multi_robot_tracking_Nodelet::update_id_consensus_from_status()[m[K’
 void [01;31m[Kmulti_robot_tracking_Nodelet[m[K::update_id_consensus_from_status() {
      [01;31m[K^~~~~~~~~~~~~~~~~~~~~~~~~~~~[m[K
[01m[K/home/mwr/tracking/src/multi_robot_tracking/src/multi_robot_tracking_nodelet.cpp:1578:6:[m[K [01;36m[Knote: [m[Kno functions named ‘[01m[Kvoid multi_robot_tracking_Nodelet::update_id_consensus_from_status()[m[K’
[01m[K/home/mwr/tracking/src/multi_robot_tracking/src/multi_robot_tracking_nodelet.cpp:39:7:[m[K [01;36m[Knote: [m[K‘[01m[Kclass multi_robot_tracking_Nodelet[m[K’ defined here
 class [01;36m[Kmulti_robot_tracking_Nodelet[m[K : public nodelet::Nodelet
       [01;36m[K^~~~~~~~~~~~~~~~~~~~~~~~~~~~[m[K
make[2]: *** [CMakeFiles/multi_robot_tracking.dir/build.make:160：CMakeFiles/multi_robot_tracking.dir/src/multi_robot_tracking_nodelet.cpp.o] 错误 1
make[1]: *** [CMakeFiles/Makefile2:1949：CMakeFiles/multi_robot_tracking.dir/all] 错误 2
make: *** [Makefile:146：all] 错误 2
